 DBDiff.SciLexer

 Timestamp is 4a3675e3 (Mon Jun 15 13:25:07 2009)

 Preferred load address is 10000000

 Start         Length     Name                   Class
 0001:00000000 00036be2H .text                   CODE
 0001:00036be2 00000b76H .text$x                 CODE
 0001:00037758 0000016dH .text$yc                CODE
 0001:000378c5 00000076H .text$yd                CODE
 0002:00000000 0000033cH .idata$5                DATA
 0002:0000033c 00000004H .CRT$XCA                DATA
 0002:00000340 00000024H .CRT$XCU                DATA
 0002:00000364 00000004H .CRT$XCZ                DATA
 0002:00000368 00000004H .CRT$XIA                DATA
 0002:0000036c 00000014H .CRT$XIC                DATA
 0002:00000380 00000004H .CRT$XIZ                DATA
 0002:00000384 00000004H .CRT$XPA                DATA
 0002:00000388 00000004H .CRT$XPX                DATA
 0002:0000038c 00000004H .CRT$XPXA               DATA
 0002:00000390 00000004H .CRT$XPZ                DATA
 0002:00000394 00000004H .CRT$XTA                DATA
 0002:00000398 00000004H .CRT$XTZ                DATA
 0002:000003a0 00002c98H .rdata                  DATA
 0002:00003038 00000a40H .rdata$r                DATA
 0002:00003a80 00000104H .rdata$sxdata           DATA
 0002:00003b84 00000004H .rtc$IAA                DATA
 0002:00003b88 00000004H .rtc$IZZ                DATA
 0002:00003b8c 00000004H .rtc$TAA                DATA
 0002:00003b90 00000004H .rtc$TZZ                DATA
 0002:00003b98 000011d4H .xdata$x                DATA
 0002:00004d6c 00000064H .idata$2                DATA
 0002:00004dd0 00000014H .idata$3                DATA
 0002:00004de4 0000033cH .idata$4                DATA
 0002:00005120 00000ddcH .idata$6                DATA
 0002:00005f00 00000063H .edata                  DATA
 0003:00000000 00001660H .data                   DATA
 0003:00001660 00001d9cH .bss                    DATA
 0004:00000000 000000e8H .rsrc$01                DATA
 0004:000000f0 00000488H .rsrc$02                DATA

  Address         Publics by Value              Rva+Base       Lib:Object

 0000:00000000       __except_list              00000000     <absolute>
 0000:00000041       ___safe_se_handler_count   00000041     <absolute>
 0000:00000000       ___ImageBase               10000000     <linker-defined>
 0001:00000000       ??0AutoComplete@@QAE@XZ    10001000 f   AutoComplete.obj
 0001:00000061       ??1AutoComplete@@QAE@XZ    10001061 f   AutoComplete.obj
 0001:0000008c       ?Active@AutoComplete@@QAE_NXZ 1000108c f   AutoComplete.obj
 0001:0000008f       ?SetStopChars@AutoComplete@@QAEXPBD@Z 1000108f f   AutoComplete.obj
 0001:000000b2       ?IsStopChar@AutoComplete@@QAE_ND@Z 100010b2 f   AutoComplete.obj
 0001:000000d6       ?SetFillUpChars@AutoComplete@@QAEXPBD@Z 100010d6 f   AutoComplete.obj
 0001:000000fc       ?IsFillUpChar@AutoComplete@@QAE_ND@Z 100010fc f   AutoComplete.obj
 0001:00000125       ?SetSeparator@AutoComplete@@QAEXD@Z 10001125 f   AutoComplete.obj
 0001:00000132       ?GetSeparator@AutoComplete@@QAEDXZ 10001132 f   AutoComplete.obj
 0001:00000139       ?SetTypesep@AutoComplete@@QAEXD@Z 10001139 f   AutoComplete.obj
 0001:00000146       ?GetTypesep@AutoComplete@@QAEDXZ 10001146 f   AutoComplete.obj
 0001:0000014d       ?SetList@AutoComplete@@QAEXPBD@Z 1000114d f   AutoComplete.obj
 0001:00000173       ?Show@AutoComplete@@QAEX_N@Z 10001173 f   AutoComplete.obj
 0001:00000199       ?Cancel@AutoComplete@@QAEXXZ 10001199 f   AutoComplete.obj
 0001:000001bd       ?Move@AutoComplete@@QAEXH@Z 100011bd f   AutoComplete.obj
 0001:000001fb       ?Select@AutoComplete@@QAEXPBD@Z 100011fb f   AutoComplete.obj
 0001:000003a2       ?Start@AutoComplete@@QAEXAAVWindow@@HHVPoint@@HH_N@Z 100013a2 f   AutoComplete.obj
 0001:000003f4       ?Contains@PRectangle@@QAE_NVPoint@@@Z 100013f4 f i CallTip.obj
 0001:00000419       ??_GWindow@@UAEPAXI@Z      10001419 f i CallTip.obj
 0001:00000419       ??_EWindow@@UAEPAXI@Z      10001419 f i CallTip.obj
 0001:00000435       ??1CallTip@@QAE@XZ         10001435 f   CallTip.obj
 0001:00000496       ?RefreshColourPalette@CallTip@@QAEXAAVPalette@@_N@Z 10001496 f   CallTip.obj
 0001:000004fb       ?IsTabCharacter@CallTip@@AAE_ND@Z 100014fb f   CallTip.obj
 0001:0000050d       ?NextTabPos@CallTip@@AAEHH@Z 1000150d f   CallTip.obj
 0001:0000052d       ?DrawChunk@CallTip@@AAEXPAVSurface@@AAHPBDHHHVPRectangle@@_N4@Z 1000152d f   CallTip.obj
 0001:0000076e       ?PaintContents@CallTip@@AAEHPAVSurface@@_N@Z 1000176e f   CallTip.obj
 0001:00000901       ?PaintCT@CallTip@@QAEXPAVSurface@@@Z 10001901 f   CallTip.obj
 0001:000009d1       ?MouseClick@CallTip@@QAEXVPoint@@@Z 100019d1 f   CallTip.obj
 0001:00000a1b       ?CallTipStart@CallTip@@QAE?AVPRectangle@@HVPoint@@PBD1HHHAAVWindow@@@Z 10001a1b f   CallTip.obj
 0001:00000bc0       ?CallTipCancel@CallTip@@QAEXXZ 10001bc0 f   CallTip.obj
 0001:00000bd3       ?SetHighlight@CallTip@@QAEXHH@Z 10001bd3 f   CallTip.obj
 0001:00000bfa       ?SetTabSize@CallTip@@QAEXH@Z 10001bfa f   CallTip.obj
 0001:00000c08       ?SetForeBack@CallTip@@QAEXABUColourPair@@0@Z 10001c08 f   CallTip.obj
 0001:00000c29       ??0CallTip@@QAE@XZ         10001c29 f   CallTip.obj
 0001:00000cf6       ?RangeAddDelta@SplitVectorWithRangeAdd@@QAEXHHH@Z 10001cf6 f i CellBuffer.obj
 0001:00000d4c       ?BackStep@Partitioning@@AAEXH@Z 10001d4c f i CellBuffer.obj
 0001:00000d75       ?SetPerLine@LineVector@@QAEXPAVPerLine@@@Z 10001d75 f   CellBuffer.obj
 0001:00000d7f       ??0Action@@QAE@XZ          10001d7f f   CellBuffer.obj
 0001:00000d93       ?Create@Action@@QAEXW4actionType@@HPADH_N@Z 10001d93 f   CellBuffer.obj
 0001:00000dc4       ?Destroy@Action@@QAEXXZ    10001dc4 f   CellBuffer.obj
 0001:00000dd6       ?Grab@Action@@QAEXPAV1@@Z  10001dd6 f   CellBuffer.obj
 0001:00000e1b       ?DropUndoSequence@UndoHistory@@QAEXXZ 10001e1b f   CellBuffer.obj
 0001:00000e20       ?DeleteUndoHistory@UndoHistory@@QAEXXZ 10001e20 f   CellBuffer.obj
 0001:00000e5f       ?SetSavePoint@UndoHistory@@QAEXXZ 10001e5f f   CellBuffer.obj
 0001:00000e66       ?IsSavePoint@UndoHistory@@QBE_NXZ 10001e66 f   CellBuffer.obj
 0001:00000e72       ?CanUndo@UndoHistory@@QBE_NXZ 10001e72 f   CellBuffer.obj
 0001:00000e80       ?StartUndo@UndoHistory@@QAEHXZ 10001e80 f   CellBuffer.obj
 0001:00000ebb       ?CompletedUndoStep@UndoHistory@@QAEXXZ 10001ebb f   CellBuffer.obj
 0001:00000ebf       ?CanRedo@UndoHistory@@QBE_NXZ 10001ebf f   CellBuffer.obj
 0001:00000ecd       ?StartRedo@UndoHistory@@QAEHXZ 10001ecd f   CellBuffer.obj
 0001:00000f12       ?GetUndoStep@UndoHistory@@QBEABVAction@@XZ 10001f12 f   CellBuffer.obj
 0001:00000f12       ?GetRedoStep@UndoHistory@@QBEABVAction@@XZ 10001f12 f   CellBuffer.obj
 0001:00000f1b       ?CompletedRedoStep@UndoHistory@@QAEXXZ 10001f1b f   CellBuffer.obj
 0001:00000f1f       ?SetPerLine@CellBuffer@@QAEXPAVPerLine@@@Z 10001f1f f   CellBuffer.obj
 0001:00000f27       ?IsReadOnly@CellBuffer@@QAE_NXZ 10001f27 f   CellBuffer.obj
 0001:00000f2b       ?SetReadOnly@CellBuffer@@QAEX_N@Z 10001f2b f   CellBuffer.obj
 0001:00000f35       ?SetSavePoint@CellBuffer@@QAEXXZ 10001f35 f   CellBuffer.obj
 0001:00000f3d       ?IsSavePoint@CellBuffer@@QAE_NXZ 10001f3d f   CellBuffer.obj
 0001:00000f45       ?SetUndoCollection@CellBuffer@@QAE_N_N@Z 10001f45 f   CellBuffer.obj
 0001:00000f5c       ?IsCollectingUndo@CellBuffer@@QAE_NXZ 10001f5c f   CellBuffer.obj
 0001:00000f60       ?DeleteUndoHistory@CellBuffer@@QAEXXZ 10001f60 f   CellBuffer.obj
 0001:00000f68       ?CanUndo@CellBuffer@@QAE_NXZ 10001f68 f   CellBuffer.obj
 0001:00000f70       ?StartUndo@CellBuffer@@QAEHXZ 10001f70 f   CellBuffer.obj
 0001:00000f78       ?CanRedo@CellBuffer@@QAE_NXZ 10001f78 f   CellBuffer.obj
 0001:00000f80       ?StartRedo@CellBuffer@@QAEHXZ 10001f80 f   CellBuffer.obj
 0001:00000f88       ?GetRedoStep@CellBuffer@@QBEABVAction@@XZ 10001f88 f   CellBuffer.obj
 0001:00000f88       ?GetUndoStep@CellBuffer@@QBEABVAction@@XZ 10001f88 f   CellBuffer.obj
 0001:00000f90       ??1?$SplitVector@H@@QAE@XZ 10001f90 f i CellBuffer.obj
 0001:00000f90       ??1?$SplitVector@D@@QAE@XZ 10001f90 f i CellBuffer.obj
 0001:00000f90       ??1?$SplitVector@PAVMarkerHandleSet@@@@QAE@XZ 10001f90 f i Document.obj
 0001:00000f90       ??1?$SplitVector@PAD@@QAE@XZ 10001f90 f i Document.obj
 0001:00000fa0       ?ValueAt@?$SplitVector@H@@QBEHH@Z 10001fa0 f i CellBuffer.obj
 0001:00000fca       ?SetValueAt@?$SplitVector@H@@QAEXHH@Z 10001fca f i CellBuffer.obj
 0001:00000ff8       ?ValueAt@?$SplitVector@D@@QBEDH@Z 10001ff8 f i CellBuffer.obj
 0001:00001020       ?SetValueAt@?$SplitVector@D@@QAEXHD@Z 10002020 f i CellBuffer.obj
 0001:0000104c       ?GapTo@?$SplitVector@D@@IAEXH@Z 1000204c f i CellBuffer.obj
 0001:00001090       ?ApplyStep@Partitioning@@AAEXH@Z 10002090 f i CellBuffer.obj
 0001:000010c8       ?SetPartitionStartPosition@Partitioning@@QAEXHH@Z 100020c8 f i CellBuffer.obj
 0001:000010f4       ?InsertText@Partitioning@@QAEXHH@Z 100020f4 f i CellBuffer.obj
 0001:00001159       ?PositionFromPartition@Partitioning@@QBEHH@Z 10002159 f i CellBuffer.obj
 0001:00001183       ?PartitionFromPosition@Partitioning@@QAEHH@Z 10002183 f i CellBuffer.obj
 0001:000011ec       ?InsertText@LineVector@@QAEXHH@Z 100021ec f   CellBuffer.obj
 0001:000011f1       ?SetLineStart@LineVector@@QAEXHH@Z 100021f1 f   CellBuffer.obj
 0001:000011f6       ?LineFromPosition@LineVector@@QAEHH@Z 100021f6 f   CellBuffer.obj
 0001:000011fb       ??1Action@@QAE@XZ          100021fb f   CellBuffer.obj
 0001:00001200       ??0UndoHistory@@QAE@XZ     10002200 f   CellBuffer.obj
 0001:00001289       ??_EAction@@QAEPAXI@Z      10002289 f i CellBuffer.obj
 0001:000012d2       ??1UndoHistory@@QAE@XZ     100022d2 f   CellBuffer.obj
 0001:000012e7       ?EnsureUndoRoom@UndoHistory@@AAEXXZ 100022e7 f   CellBuffer.obj
 0001:000013a2       ?AppendAction@UndoHistory@@QAEXW4actionType@@HPADHAA_N_N@Z 100023a2 f   CellBuffer.obj
 0001:000014bb       ?BeginUndoAction@UndoHistory@@QAEXXZ 100024bb f   CellBuffer.obj
 0001:00001507       ?EndUndoAction@UndoHistory@@QAEXXZ 10002507 f   CellBuffer.obj
 0001:00001550       ?CharAt@CellBuffer@@QBEDH@Z 10002550 f   CellBuffer.obj
 0001:00001555       ?GetCharRange@CellBuffer@@QAEXPADHH@Z 10002555 f   CellBuffer.obj
 0001:000015af       ?StyleAt@CellBuffer@@QAEDH@Z 100025af f   CellBuffer.obj
 0001:000015b7       ?SetStyleAt@CellBuffer@@QAE_NHDD@Z 100025b7 f   CellBuffer.obj
 0001:000015f9       ?SetStyleFor@CellBuffer@@QAE_NHHDD@Z 100025f9 f   CellBuffer.obj
 0001:0000164b       ?Lines@CellBuffer@@QBEHXZ  1000264b f   CellBuffer.obj
 0001:00001653       ?LineStart@CellBuffer@@QBEHH@Z 10002653 f   CellBuffer.obj
 0001:0000167b       ?BeginUndoAction@CellBuffer@@QAEXXZ 1000267b f   CellBuffer.obj
 0001:00001683       ?EndUndoAction@CellBuffer@@QAEXXZ 10002683 f   CellBuffer.obj
 0001:0000168b       ?AddUndoAction@CellBuffer@@QAEXH_N@Z 1000268b f   CellBuffer.obj
 0001:000016aa       ?ReAllocate@?$SplitVector@D@@QAEXH@Z 100026aa f i CellBuffer.obj
 0001:000016fc       ?DeleteRange@?$SplitVector@D@@QAEXHH@Z 100026fc f i CellBuffer.obj
 0001:00001758       ?RoomFor@?$SplitVector@D@@IAEXH@Z 10002758 f i CellBuffer.obj
 0001:0000178a       ??0SplitVectorWithRangeAdd@@QAE@H@Z 1000278a f i CellBuffer.obj
 0001:000017c4       ??1Partitioning@@QAE@XZ    100027c4 f i CellBuffer.obj
 0001:000017db       ?RemovePartition@Partitioning@@QAEXH@Z 100027db f i CellBuffer.obj
 0001:00001804       ?RemoveLine@LineVector@@QAEXH@Z 10002804 f   CellBuffer.obj
 0001:00001823       ?Allocate@CellBuffer@@QAEXH@Z 10002823 f   CellBuffer.obj
 0001:0000183f       ?RemoveLine@CellBuffer@@QAEXH@Z 1000283f f   CellBuffer.obj
 0001:00001847       ?Insert@?$SplitVector@PAVMarkerHandleSet@@@@QAEXHPAVMarkerHandleSet@@@Z 10002847 f i PerLine.obj
 0001:00001847       ?Insert@?$SplitVector@PAD@@QAEXHPAD@Z 10002847 f i PerLine.obj
 0001:00001847       ?Insert@?$SplitVector@H@@QAEXHH@Z 10002847 f i CellBuffer.obj
 0001:00001881       ?InsertValue@?$SplitVector@D@@QAEXHHD@Z 10002881 f i CellBuffer.obj
 0001:000018cf       ?InsertFromArray@?$SplitVector@D@@QAEXHQBDHH@Z 100028cf f i CellBuffer.obj
 0001:00001920       ?BufferPointer@?$SplitVector@D@@QAEPADXZ 10002920 f i CellBuffer.obj
 0001:00001941       ?Allocate@Partitioning@@AAEXH@Z 10002941 f i CellBuffer.obj
 0001:00001999       ?InsertPartition@Partitioning@@QAEXHH@Z 10002999 f i CellBuffer.obj
 0001:000019bf       ?DeleteAll@Partitioning@@QAEXXZ 100029bf f i CellBuffer.obj
 0001:000019df       ??1LineVector@@QAE@XZ      100029df f   CellBuffer.obj
 0001:00001a09       ?Init@LineVector@@QAEXXZ   10002a09 f   CellBuffer.obj
 0001:00001a0e       ?InsertLine@LineVector@@QAEXHH@Z 10002a0e f   CellBuffer.obj
 0001:00001a34       ??1CellBuffer@@QAE@XZ      10002a34 f   CellBuffer.obj
 0001:00001a86       ?BufferPointer@CellBuffer@@QAEPBDXZ 10002a86 f   CellBuffer.obj
 0001:00001a8b       ?InsertLine@CellBuffer@@QAEXHH@Z 10002a8b f   CellBuffer.obj
 0001:00001a93       ?BasicInsertString@CellBuffer@@QAEXHPBDH@Z 10002a93 f   CellBuffer.obj
 0001:00001b88       ?BasicDeleteChars@CellBuffer@@QAEXHH@Z 10002b88 f   CellBuffer.obj
 0001:00001cac       ?PerformUndoStep@CellBuffer@@QAEXXZ 10002cac f   CellBuffer.obj
 0001:00001ceb       ?PerformRedoStep@CellBuffer@@QAEXXZ 10002ceb f   CellBuffer.obj
 0001:00001d2a       ??0LineVector@@QAE@XZ      10002d2a f   CellBuffer.obj
 0001:00001d58       ??0CellBuffer@@QAE@XZ      10002d58 f   CellBuffer.obj
 0001:00001dbb       ?InsertString@CellBuffer@@QAEPBDHPBDHAA_N@Z 10002dbb f   CellBuffer.obj
 0001:00001e1d       ?DeleteChars@CellBuffer@@QAEPBDHHAA_N@Z 10002e1d f   CellBuffer.obj
 0001:00001e96       ?SetDefaultCharClasses@CharClassify@@QAEX_N@Z 10002e96 f   CharClassify.obj
 0001:00001ef0       ?SetCharClasses@CharClassify@@QAEXPBEW4cc@1@@Z 10002ef0 f   CharClassify.obj
 0001:00001f14       ??0CharClassify@@QAE@XZ    10002f14 f   CharClassify.obj
 0001:00001f22       ??0ContractionState@@QAE@XZ 10002f22 f   ContractionState.obj
 0001:00001f40       ?GetVisible@ContractionState@@QBE_NH@Z 10002f40 f   ContractionState.obj
 0001:00001f6f       ?GetHeight@ContractionState@@QBEHH@Z 10002f6f f   ContractionState.obj
 0001:00001f83       ?LinesInDoc@ContractionState@@QBEHXZ 10002f83 f   ContractionState.obj
 0001:00001f99       ?LinesDisplayed@ContractionState@@QBEHXZ 10002f99 f   ContractionState.obj
 0001:00001fb2       ?DisplayFromDoc@ContractionState@@QBEHH@Z 10002fb2 f   ContractionState.obj
 0001:00001fd8       ?DocFromDisplay@ContractionState@@QBEHH@Z 10002fd8 f   ContractionState.obj
 0001:00002017       ?GetExpanded@ContractionState@@QBE_NH@Z 10003017 f   ContractionState.obj
 0001:00002036       ?DeleteLine@ContractionState@@QAEXH@Z 10003036 f   ContractionState.obj
 0001:00002097       ?DeleteLines@ContractionState@@QAEXHH@Z 10003097 f   ContractionState.obj
 0001:000020b6       ?Clear@ContractionState@@QAEXXZ 100030b6 f   ContractionState.obj
 0001:00002128       ?InsertLine@ContractionState@@QAEXH@Z 10003128 f   ContractionState.obj
 0001:0000219b       ?InsertLines@ContractionState@@QAEXHH@Z 1000319b f   ContractionState.obj
 0001:000021c1       ?ShowAll@ContractionState@@QAEXXZ 100031c1 f   ContractionState.obj
 0001:000021d7       ??1ContractionState@@UAE@XZ 100031d7 f   ContractionState.obj
 0001:000021e2       ?EnsureData@ContractionState@@AAEXXZ 100031e2 f   ContractionState.obj
 0001:000022af       ?SetVisible@ContractionState@@QAE_NHH_N@Z 100032af f   ContractionState.obj
 0001:00002341       ?SetExpanded@ContractionState@@QAE_NH_N@Z 10003341 f   ContractionState.obj
 0001:00002390       ?SetHeight@ContractionState@@QAE_NHH@Z 10003390 f   ContractionState.obj
 0001:000023f5       ??_GContractionState@@UAEPAXI@Z 100033f5 f i ContractionState.obj
 0001:000023f5       ??_EContractionState@@UAEPAXI@Z 100033f5 f i ContractionState.obj
 0001:00002411       ??0Decoration@@QAE@H@Z     10003411 f   Decoration.obj
 0001:0000242c       ??1Decoration@@QAE@XZ      1000342c f   Decoration.obj
 0001:00002434       ??0DecorationList@@QAE@XZ  10003434 f   Decoration.obj
 0001:0000244e       ?DecorationFromIndicator@DecorationList@@AAEPAVDecoration@@H@Z 1000344e f   Decoration.obj
 0001:00002465       ?Create@DecorationList@@AAEPAVDecoration@@HH@Z 10003465 f   Decoration.obj
 0001:000024d8       ?Delete@DecorationList@@AAEXH@Z 100034d8 f   Decoration.obj
 0001:00002534       ?SetCurrentIndicator@DecorationList@@QAEXH@Z 10003534 f   Decoration.obj
 0001:0000254f       ?SetCurrentValue@DecorationList@@QAEXH@Z 1000354f f   Decoration.obj
 0001:0000255e       ?InsertSpace@DecorationList@@QAEXHH@Z 1000355e f   Decoration.obj
 0001:00002584       ?AllOnFor@DecorationList@@QAEHH@Z 10003584 f   Decoration.obj
 0001:000025b4       ?ValueAt@DecorationList@@QAEHHH@Z 100035b4 f   Decoration.obj
 0001:000025d4       ?Start@DecorationList@@QAEHHH@Z 100035d4 f   Decoration.obj
 0001:000025f4       ?End@DecorationList@@QAEHHH@Z 100035f4 f   Decoration.obj
 0001:00002614       ?Empty@Decoration@@QAE_NXZ 10003614 f   Decoration.obj
 0001:00002625       ??1DecorationList@@QAE@XZ  10003625 f   Decoration.obj
 0001:00002653       ?FillRange@DecorationList@@QAE_NAAHH0@Z 10003653 f   Decoration.obj
 0001:000026af       ?DeleteAnyEmpty@DecorationList@@AAEXXZ 100036af f   Decoration.obj
 0001:000026d4       ?DeleteRange@DecorationList@@QAEXHH@Z 100036d4 f   Decoration.obj
 0001:00002705       ??1PerLine@@UAE@XZ         10003705 f i Document.obj
 0001:0000270c       ??_GPerLine@@UAEPAXI@Z     1000370c f i Document.obj
 0001:0000270c       ??_EPerLine@@UAEPAXI@Z     1000370c f i Document.obj
 0001:00002729       ??1RegexSearchBase@@UAE@XZ 10003729 f i Document.obj
 0001:00002730       ??_GRegexSearchBase@@UAEPAXI@Z 10003730 f i Document.obj
 0001:00002730       ??_ERegexSearchBase@@UAEPAXI@Z 10003730 f i Document.obj
 0001:0000274d       ??0DocModification@@QAE@HHHHPBDH@Z 1000374d f i Document.obj
 0001:00002787       ??0DocModification@@QAE@HABVAction@@H@Z 10003787 f i Document.obj
 0001:00002838       ??1Document@@UAE@XZ        10003838 f   Document.obj
 0001:000028f4       ?InsertLine@Document@@UAEXH@Z 100038f4 f   Document.obj
 0001:0000291a       ?RemoveLine@Document@@UAEXH@Z 1000391a f   Document.obj
 0001:00002940       ?AddRef@Document@@QAEHXZ   10003940 f   Document.obj
 0001:0000294a       ?Release@Document@@QAEHXZ  1000394a f   Document.obj
 0001:0000295d       ?GetMark@Document@@QAEHH@Z 1000395d f   Document.obj
 0001:00002968       ?LineFromHandle@Document@@QAEHH@Z 10003968 f   Document.obj
 0001:00002973       ?LineStart@Document@@QBEHH@Z 10003973 f   Document.obj
 0001:0000297b       ?LineFromPosition@Document@@QAEHH@Z 1000397b f   Document.obj
 0001:00002983       ?GetLevel@Document@@QAEHH@Z 10003983 f   Document.obj
 0001:0000298e       ?ClearLevels@Document@@QAEXXZ 1000398e f   Document.obj
 0001:000029b5       ?GetFoldParent@Document@@QAEHH@Z 100039b5 f   Document.obj
 0001:00002a1d       ?ClampPositionIntoDocument@Document@@QAEHH@Z 10003a1d f   Document.obj
 0001:00002a37       ?IsCrLf@Document@@QAE_NH@Z 10003a37 f   Document.obj
 0001:00002a7d       ?LenChar@Document@@QAEHH@Z 10003a7d f   Document.obj
 0001:00002b80       ?InGoodUTF8@Document@@QAE_NHAAH0@Z 10003b80 f   Document.obj
 0001:00002c42       ?MovePositionOutsideChar@Document@@QAEHHH_N@Z 10003c42 f   Document.obj
 0001:00002d95       ?ModifiedAt@Document@@QAEXH@Z 10003d95 f   Document.obj
 0001:00002dfa       ?GetLineIndentPosition@Document@@QBEHH@Z 10003dfa f   Document.obj
 0001:00002e48       ?TransformLineEnds@Document@@SAPADPAHPBDIH@Z 10003e48 f   Document.obj
 0001:00002ed3       ?WordCharClass@Document@@AAE?AW4cc@CharClassify@@E@Z 10003ed3 f   Document.obj
 0001:00002ef8       ?ExtendWordSelect@Document@@QAEHHH_N@Z 10003ef8 f   Document.obj
 0001:00002fbe       ?NextWordStart@Document@@QAEHHH@Z 10003fbe f   Document.obj
 0001:000030ab       ?NextWordEnd@Document@@QAEHHH@Z 100040ab f   Document.obj
 0001:000031af       ?IsWordStartAt@Document@@AAE_NH@Z 100041af f   Document.obj
 0001:00003211       ?IsWordEndAt@Document@@AAE_NH@Z 10004211 f   Document.obj
 0001:0000327c       ?IsWordAt@Document@@AAE_NHH@Z 1000427c f   Document.obj
 0001:000032a6       ?SubstituteByPosition@Document@@QAEPBDPBDPAH@Z 100042a6 f   Document.obj
 0001:000032bf       ?LinesTotal@Document@@QBEHXZ 100042bf f   Document.obj
 0001:000032c7       ?SetDefaultCharClasses@Document@@QAEX_N@Z 100042c7 f   Document.obj
 0001:000032cf       ?SetCharClasses@Document@@QAEXPBEW4cc@CharClassify@@@Z 100042cf f   Document.obj
 0001:000032d7       ?SetStylingBits@Document@@QAEXH@Z 100042d7 f   Document.obj
 0001:000032f2       ?StartStyling@Document@@QAEXHD@Z 100042f2 f   Document.obj
 0001:00003309       ?GetLineState@Document@@QAEHH@Z 10004309 f   Document.obj
 0001:00003314       ?GetMaxLineState@Document@@QAEHXZ 10004314 f   Document.obj
 0001:0000331f       ?MarginStyledText@Document@@QAE?AUStyledText@@H@Z 1000431f f   Document.obj
 0001:00003386       ?MarginSetStyle@Document@@QAEXHH@Z 10004386 f   Document.obj
 0001:00003391       ?MarginSetStyles@Document@@QAEXHPBE@Z 10004391 f   Document.obj
 0001:0000339c       ?AnnotationStyledText@Document@@QAE?AUStyledText@@H@Z 1000439c f   Document.obj
 0001:00003403       ?AnnotationSetStyle@Document@@QAEXHH@Z 10004403 f   Document.obj
 0001:0000340e       ?AnnotationSetStyles@Document@@QAEXHPBE@Z 1000440e f   Document.obj
 0001:00003419       ?AnnotationLines@Document@@QBEHH@Z 10004419 f   Document.obj
 0001:00003424       ?IncrementStyleClock@Document@@QAEXXZ 10004424 f   Document.obj
 0001:00003440       ?RemoveWatcher@Document@@QAE_NPAVDocWatcher@@PAX@Z 10004440 f   Document.obj
 0001:00003536       ?NotifyModifyAttempt@Document@@AAEXXZ 10004536 f   Document.obj
 0001:00003564       ?NotifySavePoint@Document@@AAEX_N@Z 10004564 f   Document.obj
 0001:00003598       ?NotifyModified@Document@@AAEXVDocModification@@@Z 10004598 f   Document.obj
 0001:00003619       ?IsWordPartSeparator@Document@@QAE_ND@Z 10004619 f   Document.obj
 0001:0000363f       ?WordPartLeft@Document@@QAEHH@Z 1000463f f   Document.obj
 0001:00003851       ?WordPartRight@Document@@QAEHH@Z 10004851 f   Document.obj
 0001:00003a24       ?IsLineEndChar@@YA_ND@Z    10004a24 f   Document.obj
 0001:00003a39       ?ExtendStyleRange@Document@@QAEHHH_N@Z 10004a39 f   Document.obj
 0001:00003b13       ?BraceMatch@Document@@QAEHHH@Z 10004b13 f   Document.obj
 0001:00003be6       ??1DocumentIndexer@@UAE@XZ 10004be6 f i Document.obj
 0001:00003bed       ??_GDocument@@UAEPAXI@Z    10004bed f i Document.obj
 0001:00003bed       ??_EDocument@@UAEPAXI@Z    10004bed f i Document.obj
 0001:00003c09       ?SetSavePoint@Document@@QAEXXZ 10004c09 f   Document.obj
 0001:00003c1f       ?AddMark@Document@@QAEHHH@Z 10004c1f f   Document.obj
 0001:00003c8e       ?AddMarkSet@Document@@QAEXHH@Z 10004c8e f   Document.obj
 0001:00003d03       ?DeleteMark@Document@@QAEXHH@Z 10004d03 f   Document.obj
 0001:00003d5b       ?DeleteMarkFromHandle@Document@@QAEXH@Z 10004d5b f   Document.obj
 0001:00003db4       ?DeleteAllMarks@Document@@QAEXH@Z 10004db4 f   Document.obj
 0001:00003e27       ?LineEnd@Document@@QBEHH@Z 10004e27 f   Document.obj
 0001:00003e77       ?LineEndPosition@Document@@QAEHH@Z 10004e77 f   Document.obj
 0001:00003e8f       ?VCHomePosition@Document@@QAEHH@Z 10004e8f f   Document.obj
 0001:00003eee       ?SetLevel@Document@@QAEHHH@Z 10004eee f   Document.obj
 0001:00003f5e       ?CheckReadOnly@Document@@QAEXXZ 10004f5e f   Document.obj
 0001:00003f8b       ?DeleteChars@Document@@QAE_NHH@Z 10004f8b f   Document.obj
 0001:000040cf       ?InsertString@Document@@QAE_NHPBDH@Z 100050cf f   Document.obj
 0001:000041ee       ?Undo@Document@@QAEHXZ     100051ee f   Document.obj
 0001:0000439e       ?Redo@Document@@QAEHXZ     1000539e f   Document.obj
 0001:00004552       ?InsertChar@Document@@QAE_NHD@Z 10005552 f   Document.obj
 0001:0000456d       ?InsertCString@Document@@QAE_NHPBD@Z 1000556d f   Document.obj
 0001:0000458e       ?ChangeChar@Document@@QAEXHD@Z 1000558e f   Document.obj
 0001:000045af       ?DelChar@Document@@QAEXH@Z 100055af f   Document.obj
 0001:000045cb       ?DelCharBack@Document@@QAEXH@Z 100055cb f   Document.obj
 0001:00004619       ?GetLineIndentation@Document@@QAEHH@Z 10005619 f   Document.obj
 0001:0000468c       ?SetLineIndentation@Document@@QAEXHH@Z 1000568c f   Document.obj
 0001:00004745       ?GetColumn@Document@@QAEHH@Z 10005745 f   Document.obj
 0001:000047c4       ?FindColumn@Document@@QAEHHH@Z 100057c4 f   Document.obj
 0001:00004842       ?Indent@Document@@QAEX_NHH@Z 10005842 f   Document.obj
 0001:000048b0       ?ConvertLineEnds@Document@@QAEXH@Z 100058b0 f   Document.obj
 0001:0000498d       ?IsWhiteLine@Document@@QBE_NH@Z 1000598d f   Document.obj
 0001:000049da       ?ParaUp@Document@@QAEHH@Z  100059da f   Document.obj
 0001:00004a1c       ?ParaDown@Document@@QAEHH@Z 10005a1c f   Document.obj
 0001:00004a80       ?ChangeCase@Document@@QAEXVRange@@_N@Z 10005a80 f   Document.obj
 0001:00004b0b       ?SetStyleFor@Document@@QAE_NHD@Z 10005b0b f   Document.obj
 0001:00004b8f       ?SetStyles@Document@@QAE_NHPBD@Z 10005b8f f   Document.obj
 0001:00004c4a       ?EnsureStyledTo@Document@@QAEXH@Z 10005c4a f   Document.obj
 0001:00004c98       ?SetLineState@Document@@QAEHHH@Z 10005c98 f   Document.obj
 0001:00004cff       ?MarginSetText@Document@@QAEXHPBD@Z 10005cff f   Document.obj
 0001:00004d56       ?MarginClearAll@Document@@QAEXXZ 10005d56 f   Document.obj
 0001:00004d85       ?AnnotationSetText@Document@@QAEXHPBD@Z 10005d85 f   Document.obj
 0001:00004df2       ?AnnotationClearAll@Document@@QAEXXZ 10005df2 f   Document.obj
 0001:00004e21       ?DecorationFillRange@Document@@QAEXHHH@Z 10005e21 f   Document.obj
 0001:00004e79       ?AddWatcher@Document@@QAE_NPAVDocWatcher@@PAX@Z 10005e79 f   Document.obj
 0001:00004f50       ??0BuiltinRegex@@QAE@PAVCharClassify@@@Z 10005f50 f i Document.obj
 0001:00004f87       ??1BuiltinRegex@@UAE@XZ    10005f87 f i Document.obj
 0001:00004fc9       ??_EBuiltinRegex@@UAEPAXI@Z 10005fc9 f i Document.obj
 0001:00004fc9       ??_GBuiltinRegex@@UAEPAXI@Z 10005fc9 f i Document.obj
 0001:00004fe5       ?CharAt@DocumentIndexer@@UAEDH@Z 10005fe5 f i Document.obj
 0001:00005005       ??_EDocumentIndexer@@UAEPAXI@Z 10006005 f i Document.obj
 0001:00005005       ??_ECharacterIndexer@@UAEPAXI@Z 10006005 f i Document.obj
 0001:00005005       ??_GCharacterIndexer@@UAEPAXI@Z 10006005 f i Document.obj
 0001:00005005       ??_GDocumentIndexer@@UAEPAXI@Z 10006005 f i Document.obj
 0001:00005022       ?FindText@BuiltinRegex@@UAEJPAVDocument@@HHPBD_N22HPAH@Z 10006022 f   Document.obj
 0001:00005240       ?SubstituteByPosition@BuiltinRegex@@UAEPBDPAVDocument@@PBDPAH@Z 10006240 f   Document.obj
 0001:000053d9       ?CreateRegexSearch@@YAPAVRegexSearchBase@@PAVCharClassify@@@Z 100063d9 f   Document.obj
 0001:0000540c       ??0LineMarkers@@QAE@XZ     1000640c f i Document.obj
 0001:00005430       ??_GLineMarkers@@UAEPAXI@Z 10006430 f i Document.obj
 0001:00005430       ??_ELineMarkers@@UAEPAXI@Z 10006430 f i Document.obj
 0001:0000544c       ??0LineState@@QAE@XZ       1000644c f i Document.obj
 0001:0000546d       ??_GLineState@@UAEPAXI@Z   1000646d f i Document.obj
 0001:0000546d       ??_ELineState@@UAEPAXI@Z   1000646d f i Document.obj
 0001:00005489       ??0LineAnnotation@@QAE@XZ  10006489 f i Document.obj
 0001:000054aa       ??_GLineAnnotation@@UAEPAXI@Z 100064aa f i Document.obj
 0001:000054aa       ??_ELineAnnotation@@UAEPAXI@Z 100064aa f i Document.obj
 0001:000054c6       ??0LineLevels@@QAE@XZ      100064c6 f i Document.obj
 0001:000054e7       ??_GLineLevels@@UAEPAXI@Z  100064e7 f i Document.obj
 0001:000054e7       ??_ELineLevels@@UAEPAXI@Z  100064e7 f i Document.obj
 0001:00005503       ?GetLastChild@Document@@QAEHHH@Z 10006503 f   Document.obj
 0001:0000559e       ?FindText@Document@@QAEJHHPBD_N111HPAH@Z 1000659e f   Document.obj
 0001:0000582e       ??0Document@@QAE@XZ        1000682e f   Document.obj
 0001:00005997       ??AAccessor@@QAEDH@Z       10006997 f i DocumentAccessor.obj
 0001:000059c4       ?SafeGetCharAt@Accessor@@QAEDHD@Z 100069c4 f i DocumentAccessor.obj
 0001:00005a07       ??_EAccessor@@UAEPAXI@Z    10006a07 f i DocumentAccessor.obj
 0001:00005a07       ??_GAccessor@@UAEPAXI@Z    10006a07 f i DocumentAccessor.obj
 0001:00005a24       ??1DocumentAccessor@@UAE@XZ 10006a24 f   DocumentAccessor.obj
 0001:00005a2b       ?InternalIsLeadByte@DocumentAccessor@@MAE_ND@Z 10006a2b f   DocumentAccessor.obj
 0001:00005a4b       ?Fill@DocumentAccessor@@MAEXH@Z 10006a4b f   DocumentAccessor.obj
 0001:00005af4       ?Match@DocumentAccessor@@UAE_NHPBD@Z 10006af4 f   DocumentAccessor.obj
 0001:00005b27       ?StyleAt@DocumentAccessor@@UAEDH@Z 10006b27 f   DocumentAccessor.obj
 0001:00005b4b       ?GetLine@DocumentAccessor@@UAEHH@Z 10006b4b f   DocumentAccessor.obj
 0001:00005b56       ?LineStart@DocumentAccessor@@UAEHH@Z 10006b56 f   DocumentAccessor.obj
 0001:00005b61       ?LevelAt@DocumentAccessor@@UAEHH@Z 10006b61 f   DocumentAccessor.obj
 0001:00005b6c       ?Length@DocumentAccessor@@UAEHXZ 10006b6c f   DocumentAccessor.obj
 0001:00005b8c       ?GetLineState@DocumentAccessor@@UAEHH@Z 10006b8c f   DocumentAccessor.obj
 0001:00005b97       ?SetLineState@DocumentAccessor@@UAEHHH@Z 10006b97 f   DocumentAccessor.obj
 0001:00005ba2       ?StartAt@DocumentAccessor@@UAEXID@Z 10006ba2 f   DocumentAccessor.obj
 0001:00005bd0       ?StartSegment@DocumentAccessor@@UAEXI@Z 10006bd0 f   DocumentAccessor.obj
 0001:00005bdd       ?ColourTo@DocumentAccessor@@UAEXIH@Z 10006bdd f   DocumentAccessor.obj
 0001:00005c93       ?SetLevel@DocumentAccessor@@UAEXHH@Z 10006c93 f   DocumentAccessor.obj
 0001:00005c9e       ?Flush@DocumentAccessor@@UAEXXZ 10006c9e f   DocumentAccessor.obj
 0001:00005ce4       ?IndentAmount@DocumentAccessor@@UAEHHPAHP6A_NAAVAccessor@@HH@Z@Z 10006ce4 f   DocumentAccessor.obj
 0001:00005dfe       ?IndicatorFill@DocumentAccessor@@UAEXHHHH@Z 10006dfe f   DocumentAccessor.obj
 0001:00005e35       ?Contains@PRectangle@@QAE_NV1@@Z 10006e35 f i Editor.obj
 0001:00005e62       ?Intersects@PRectangle@@QAE_NV1@@Z 10006e62 f i Editor.obj
 0001:00005e8f       ?Empty@PRectangle@@QAE_NXZ 10006e8f f i Editor.obj
 0001:00005ea9       ?LineLength@StyledText@@QBEII@Z 10006ea9 f i Editor.obj
 0001:00005eca       ?StyleAt@StyledText@@QBEII@Z 10006eca f i Editor.obj
 0001:00005ee3       ??1DocWatcher@@UAE@XZ      10006ee3 f i Editor.obj
 0001:00005eea       ??_GDocWatcher@@UAEPAXI@Z  10006eea f i Editor.obj
 0001:00005eea       ??_EDocWatcher@@UAEPAXI@Z  10006eea f i Editor.obj
 0001:00005f1c       ?IsSpaceOrTab@@YA_NH@Z     10006f1c f i Editor.obj
 0001:00005f31       ?Set@SelectionText@@QAEXPADHHH_N1@Z 10006f31 f i Editor.obj
 0001:00005f6b       ?Copy@SelectionText@@QAEXPBDHHH_N1@Z 10006f6b f i Editor.obj
 0001:00005fc7       ??1AutoSurface@@QAE@XZ     10006fc7 f i Editor.obj
 0001:0000601a       ??0Caret@@QAE@XZ           1000701a f   Editor.obj
 0001:0000602b       ??0Timer@@QAE@XZ           1000702b f   Editor.obj
 0001:00006038       ??0Idler@@QAE@XZ           10007038 f   Editor.obj
 0001:00006042       ?Finalise@Editor@@MAEXXZ   10007042 f   Editor.obj
 0001:00006057       ?DropGraphics@Editor@@IAEXXZ 10007057 f   Editor.obj
 0001:00006092       ?RefreshColourPalette@Editor@@MAEXAAVPalette@@_N@Z 10007092 f   Editor.obj
 0001:0000609a       ?GetClientRectangle@Editor@@MAE?AVPRectangle@@XZ 1000709a f   Editor.obj
 0001:000060ad       ?GetTextRectangle@Editor@@IAE?AVPRectangle@@XZ 100070ad f   Editor.obj
 0001:000060d3       ?LinesOnScreen@Editor@@IAEHXZ 100070d3 f   Editor.obj
 0001:000060f7       ?LinesToScroll@Editor@@IAEHXZ 100070f7 f   Editor.obj
 0001:00006106       ?MaxScrollPos@Editor@@IAEHXZ 10007106 f   Editor.obj
 0001:00006139       ?ControlCharacterString@@YAPBDE@Z 10007139 f   Editor.obj
 0001:00006239       ??1AutoLineLayout@@QAE@XZ  10007239 f i Editor.obj
 0001:0000624c       ?Set@AutoLineLayout@@QAEXPAVLineLayout@@@Z 1000724c f i Editor.obj
 0001:00006264       ?LineFromLocation@Editor@@IAEHVPoint@@@Z 10007264 f   Editor.obj
 0001:00006284       ?SetTopLine@Editor@@IAEXH@Z 10007284 f   Editor.obj
 0001:000062b3       ?AbandonPaint@Editor@@IAE_NXZ 100072b3 f   Editor.obj
 0001:000062d6       ?RedrawRect@Editor@@IAEXVPRectangle@@@Z 100072d6 f   Editor.obj
 0001:00006343       ?Redraw@Editor@@IAEXXZ     10007343 f   Editor.obj
 0001:00006372       ?RectangleFromRange@Editor@@IAE?AVPRectangle@@HH@Z 10007372 f   Editor.obj
 0001:00006455       ?InvalidateRange@Editor@@IAEXHH@Z 10007455 f   Editor.obj
 0001:00006488       ?CurrentPosition@Editor@@IAEHXZ 10007488 f   Editor.obj
 0001:0000648f       ?SelectionEmpty@Editor@@IAE_NXZ 1000748f f   Editor.obj
 0001:000064a1       ?SelectionStart@Editor@@IAEHXZ 100074a1 f   Editor.obj
 0001:000064b5       ?SelectionEnd@Editor@@IAEHXZ 100074b5 f   Editor.obj
 0001:000064c9       ?InvalidateSelection@Editor@@IAEXHH_N@Z 100074c9 f   Editor.obj
 0001:0000653a       ?RangeContainsProtected@Editor@@IBE_NHH@Z 1000753a f   Editor.obj
 0001:000065aa       ?MovePositionOutsideChar@Editor@@IAEHHH_N@Z 100075aa f   Editor.obj
 0001:000066b6       ?MovePositionSoVisible@Editor@@IAEHHH@Z 100076b6 f   Editor.obj
 0001:0000675f       ?ScrollText@Editor@@MAEXH@Z 1000775f f   Editor.obj
 0001:00006767       ?HorizontalScrollTo@Editor@@IAEXH@Z 10007767 f   Editor.obj
 0001:000067bb       ?InvalidateCaret@Editor@@IAEXXZ 100077bb f   Editor.obj
 0001:000067e7       ?NeedWrapping@Editor@@IAEXHH@Z 100077e7 f   Editor.obj
 0001:00006874       ?LinesJoin@Editor@@IAEXXZ  10007874 f   Editor.obj
 0001:00006930       ?StringFromEOLMode@Editor@@KAPBDH@Z 10007930 f   Editor.obj
 0001:0000694f       ?SubstituteMarkerIfEmpty@Editor@@IAEHHH@Z 1000794f f   Editor.obj
 0001:0000696b       ?ValidStyledText@@YA_NAAVViewStyle@@IABUStyledText@@@Z 1000796b f   Editor.obj
 0001:00006a9e       ?DrawStyledText@@YAXPAVSurface@@AAVViewStyle@@HVPRectangle@@HABUStyledText@@II@Z 10007a9e f   Editor.obj
 0001:00006bd3       ?PaintSelMargin@Editor@@IAEXPAVSurface@@AAVPRectangle@@@Z 10007bd3 f   Editor.obj
 0001:000071bd       ?DrawTabArrow@@YAXPAVSurface@@VPRectangle@@H@Z 100081bd f   Editor.obj
 0001:00007247       ?RetrieveLineLayout@Editor@@IAEPAVLineLayout@@H@Z 10008247 f   Editor.obj
 0001:000072cf       ?BadUTF@@YA_NPBDHAAH@Z     100082cf f   Editor.obj
 0001:00007383       ?SelectionBackground@Editor@@IAE?AVColourAllocated@@AAVViewStyle@@@Z 10008383 f   Editor.obj
 0001:000073a7       ?TextBackground@Editor@@IAE?AVColourAllocated@@AAVViewStyle@@_NV2@11HHPAVLineLayout@@@Z 100083a7 f   Editor.obj
 0001:00007449       ?DrawIndentGuide@Editor@@IAEXPAVSurface@@HHHVPRectangle@@_N@Z 10008449 f   Editor.obj
 0001:0000752e       ?DrawIndicators@Editor@@IAEXPAVSurface@@AAVViewStyle@@HHVPRectangle@@PAVLineLayout@@HH_N@Z 1000852e f   Editor.obj
 0001:0000774a       ?DrawTextBlob@@YAXPAVSurface@@AAVViewStyle@@VPRectangle@@PBDVColourAllocated@@4_N@Z 1000874a f   Editor.obj
 0001:0000783e       ?DrawAnnotation@Editor@@IAEXPAVSurface@@AAVViewStyle@@HHVPRectangle@@PAVLineLayout@@H@Z 1000883e f   Editor.obj
 0001:00007a9f       ?DrawBlockCaret@Editor@@IAEXPAVSurface@@AAVViewStyle@@PAVLineLayout@@HHHHVPRectangle@@@Z 10008a9f f   Editor.obj
 0001:00007c0b       ?AddChar@Editor@@IAEXD@Z   10008c0b f   Editor.obj
 0001:00007c29       ?ClearDocumentStyle@Editor@@IAEXXZ 10008c29 f   Editor.obj
 0001:00007cc0       ?NotifyFocus@Editor@@MAEX_N@Z 10008cc0 f   Editor.obj
 0001:00007cc3       ?NotifyStyleToNeeded@Editor@@MAEXH@Z 10008cc3 f   Editor.obj
 0001:00007d07       ?NotifyStyleNeeded@Editor@@MAEXPAVDocument@@PAXH@Z 10008d07 f   Editor.obj
 0001:00007d13       ?NotifySavePoint@Editor@@IAEX_N@Z 10008d13 f   Editor.obj
 0001:00007d5a       ?NotifyModifyAttempt@Editor@@IAEXXZ 10008d5a f   Editor.obj
 0001:00007d96       ?NotifyHotSpotDoubleClicked@Editor@@IAEXH_N00@Z 10008d96 f   Editor.obj
 0001:00007dff       ?NotifyHotSpotClicked@Editor@@IAEXH_N00@Z 10008dff f   Editor.obj
 0001:00007e68       ?NotifyUpdateUI@Editor@@IAEXXZ 10008e68 f   Editor.obj
 0001:00007ea4       ?NotifyPainted@Editor@@IAEXXZ 10008ea4 f   Editor.obj
 0001:00007ee0       ?NotifyIndicatorClick@Editor@@IAEX_NH000@Z 10008ee0 f   Editor.obj
 0001:00007f8c       ?NotifyMarginClick@Editor@@IAE_NVPoint@@_N11@Z 10008f8c f   Editor.obj
 0001:00008056       ?NotifyNeedShown@Editor@@IAEXHH@Z 10009056 f   Editor.obj
 0001:000080a0       ?NotifyZoom@Editor@@IAEXXZ 100090a0 f   Editor.obj
 0001:000080dc       ?NotifyModifyAttempt@Editor@@MAEXPAVDocument@@PAX@Z 100090dc f   Editor.obj
 0001:000080e4       ?NotifyMove@Editor@@IAEXH@Z 100090e4 f   Editor.obj
 0001:00008128       ?NotifySavePoint@Editor@@MAEXPAVDocument@@PAX_N@Z 10009128 f   Editor.obj
 0001:00008134       ?NotifyDeleted@Editor@@MAEXPAVDocument@@PAX@Z 10009134 f   Editor.obj
 0001:00008137       ?NotifyMacroRecord@Editor@@IAEXIKJ@Z 10009137 f   Editor.obj
 0001:000082e8       ?CancelModes@Editor@@MAEXXZ 100092e8 f   Editor.obj
 0001:000082f0       ?KeyDefault@Editor@@MAEHHH@Z 100092f0 f   Editor.obj
 0001:000082f5       ?FindText@Editor@@IAEJKJ@Z 100092f5 f   Editor.obj
 0001:00008367       ?SearchAnchor@Editor@@IAEXXZ 10009367 f   Editor.obj
 0001:00008377       ?SearchInTarget@Editor@@IAEJPBDH@Z 10009377 f   Editor.obj
 0001:0000841b       ?CopyRange@Editor@@IAEPADHH@Z 1000941b f   Editor.obj
 0001:00008483       ?CopySelectionFromRange@Editor@@IAEXPAVSelectionText@@_NHH@Z 10009483 f   Editor.obj
 0001:000085be       ?SetDragPosition@Editor@@IAEXH@Z 100095be f   Editor.obj
 0001:00008610       ?DisplayCursor@Editor@@MAEXW4Cursor@Window@@@Z 10009610 f   Editor.obj
 0001:0000862c       ?DragThreshold@Editor@@MAE_NVPoint@@0@Z 1000962c f   Editor.obj
 0001:00008653       ?PointInSelMargin@Editor@@IAE_NVPoint@@@Z 10009653 f   Editor.obj
 0001:00008696       ?PositionIsHotspot@Editor@@IAE_NH@Z 10009696 f   Editor.obj
 0001:000086ca       ?GetHotSpotRange@Editor@@IAEXAAH0@Z 100096ca f   Editor.obj
 0001:000086e5       ?PaintContains@Editor@@MAE_NVPRectangle@@@Z 100096e5 f   Editor.obj
 0001:00008719       ?PaintContainsMargin@Editor@@IAE_NXZ 10009719 f   Editor.obj
 0001:00008753       ?CheckForChangeOutsidePaint@Editor@@IAEXVRange@@@Z 10009753 f   Editor.obj
 0001:000087d4       ?SetBraceHighlight@Editor@@IAEXHHH@Z 100097d4 f   Editor.obj
 0001:00008873       ?SetAnnotationHeights@Editor@@IAEXHH@Z 10009873 f   Editor.obj
 0001:000088b4       ?SetAnnotationVisible@Editor@@IAEXH@Z 100098b4 f   Editor.obj
 0001:0000895b       ?Expand@Editor@@IAEXAAH_N@Z 1000995b f   Editor.obj
 0001:000089d5       ?ReplaceTarget@Editor@@IAEH_NPBDH@Z 100099d5 f   Editor.obj
 0001:00008a8c       ?IsUnicodeMode@Editor@@QBE_NXZ 10009a8c f   Editor.obj
 0001:00008aa9       ?CodePage@Editor@@IBEHXZ   10009aa9 f   Editor.obj
 0001:00008ac7       ?StyleGetMessage@Editor@@IAEJIKJ@Z 10009ac7 f   Editor.obj
 0001:00008c17       ?Free@SelectionText@@QAEXXZ 10009c17 f i Editor.obj
 0001:00008c37       ??0AutoSurface@@QAE@PAVEditor@@@Z 10009c37 f i Editor.obj
 0001:00008c99       ??0AutoSurface@@QAE@PAXPAVEditor@@@Z 10009c99 f i Editor.obj
 0001:00008cff       ??0SelectionLineIterator@@QAE@PAVEditor@@_N@Z 10009cff f i Editor.obj
 0001:00008d99       ?RedrawSelMargin@Editor@@IAEXH@Z 10009d99 f   Editor.obj
 0001:00008e1b       ?ShowCaretAtCurrentPosition@Editor@@IAEXXZ 10009e1b f   Editor.obj
 0001:00008e56       ?DropCaret@Editor@@IAEXXZ  10009e56 f   Editor.obj
 0001:00008e62       ?LayoutLine@Editor@@IAEXHPAVSurface@@AAVViewStyle@@PAVLineLayout@@H@Z 10009e62 f   Editor.obj
 0001:0000961a       ?DrawWrapMarker@Editor@@IAEXPAVSurface@@VPRectangle@@_NVColourAllocated@@@Z 1000a61a f   Editor.obj
 0001:00009700       ?DrawEOL@Editor@@IAEXPAVSurface@@AAVViewStyle@@VPRectangle@@PAVLineLayout@@HHHHH_NVColourAllocated@@45@Z 1000a700 f   Editor.obj
 0001:000099f0       ?DrawLine@Editor@@IAEXPAVSurface@@AAVViewStyle@@HHHVPRectangle@@PAVLineLayout@@H@Z 1000a9f0 f   Editor.obj
 0001:0000aa53       ?RefreshPixMaps@Editor@@IAEXPAVSurface@@@Z 1000ba53 f   Editor.obj
 0001:0000aca0       ?InvertedLight@@YA?AVColourDesired@@V1@@Z 1000bca0 f   Editor.obj
 0001:0000ad3c       ?FormatRange@Editor@@IAEJ_NPAURangeToFormat@@@Z 1000bd3c f   Editor.obj
 0001:0000b359       ?DelChar@Editor@@IAEXXZ    1000c359 f   Editor.obj
 0001:0000b38b       ?NotifyChar@Editor@@IAEXH@Z 1000c38b f   Editor.obj
 0001:0000b3f4       ?CheckModificationForWrap@Editor@@IAEXVDocModification@@@Z 1000c3f4 f   Editor.obj
 0001:0000b46f       ?Duplicate@Editor@@IAEX_N@Z 1000c46f f   Editor.obj
 0001:0000b52a       ?SetFocusState@Editor@@IAEX_N@Z 1000c52a f   Editor.obj
 0001:0000b55f       ?WrapCount@Editor@@IAEHH@Z 1000c55f f   Editor.obj
 0001:0000b5fc       ??1SelectionText@@QAE@XZ   1000c5fc f i Editor.obj
 0001:0000b601       ??0Editor@@IAE@XZ          1000c601 f   Editor.obj
 0001:0000b979       ?GetCtrlID@Editor@@MAEHXZ  1000c979 f i Editor.obj
 0001:0000b980       ?SetIdle@Editor@@MAE_N_N@Z 1000c980 f i Editor.obj
 0001:0000b985       ?ValidCodePage@Editor@@MBE_NH@Z 1000c985 f i Editor.obj
 0001:0000b98a       ??1Editor@@MAE@XZ          1000c98a f   Editor.obj
 0001:0000ba97       ?PositionFromLocationClose@Editor@@IAEHVPoint@@@Z 1000ca97 f   Editor.obj
 0001:0000bca4       ?ScrollTo@Editor@@IAEXH_N@Z 1000cca4 f   Editor.obj
 0001:0000bd12       ?DisplayFromPosition@Editor@@IAEHH@Z 1000cd12 f   Editor.obj
 0001:0000bde4       ?WrapOneLine@Editor@@IAE_NPAVSurface@@H@Z 1000cde4 f   Editor.obj
 0001:0000be70       ?LinesSplit@Editor@@IAEXH@Z 1000ce70 f   Editor.obj
 0001:0000bffd       ?NotifyDoubleClick@Editor@@MAEXVPoint@@_N11@Z 1000cffd f   Editor.obj
 0001:0000c083       ?NotifyDwelling@Editor@@IAEXVPoint@@_N@Z 1000d083 f   Editor.obj
 0001:0000c0e9       ?CopyRangeToClipboard@Editor@@IAEXHH@Z 1000d0e9 f   Editor.obj
 0001:0000c17a       ?CopyText@Editor@@IAEXHPBD@Z 1000d17a f   Editor.obj
 0001:0000c1e5       ?DwellEnd@Editor@@IAEX_N@Z 1000d1e5 f   Editor.obj
 0001:0000c231       ?PointIsHotspot@Editor@@IAE_NVPoint@@@Z 1000d231 f   Editor.obj
 0001:0000c256       ??_GEditor@@MAEPAXI@Z      1000d256 f i Editor.obj
 0001:0000c256       ??_EEditor@@MAEPAXI@Z      1000d256 f i Editor.obj
 0001:0000c272       ?SetScrollBars@Editor@@IAEXXZ 1000d272 f   Editor.obj
 0001:0000c300       ?ChangeSize@Editor@@IAEXXZ 1000d300 f   Editor.obj
 0001:0000c360       ?NotifyModified@Editor@@MAEXPAVDocument@@VDocModification@@PAX@Z 1000d360 f   Editor.obj
 0001:0000c73f       ?KeyDown@Editor@@IAEHH_N00PA_N@Z 1000d73f f   Editor.obj
 0001:0000c7ba       ?SetDocPointer@Editor@@IAEXPAVDocument@@@Z 1000d7ba f   Editor.obj
 0001:0000c8bb       ?RefreshStyleData@Editor@@IAEXXZ 1000d8bb f   Editor.obj
 0001:0000c932       ?LocationFromPosition@Editor@@IAE?AVPoint@@H@Z 1000d932 f   Editor.obj
 0001:0000cae9       ?XFromPosition@Editor@@IAEHH@Z 1000dae9 f   Editor.obj
 0001:0000cb11       ?PositionFromLocation@Editor@@IAEHVPoint@@@Z 1000db11 f   Editor.obj
 0001:0000ccf7       ?PositionFromLineX@Editor@@IAEHHH@Z 1000dcf7 f   Editor.obj
 0001:0000ce57       ?SetRectangularRange@Editor@@IAEXXZ 1000de57 f   Editor.obj
 0001:0000ce89       ?SetSelection@Editor@@IAEXHH@Z 1000de89 f   Editor.obj
 0001:0000ceed       ?SetSelection@Editor@@IAEXH@Z 1000deed f   Editor.obj
 0001:0000cf33       ?SetEmptySelection@Editor@@IAEXH@Z 1000df33 f   Editor.obj
 0001:0000cf54       ?SetLastXChosen@Editor@@IAEXXZ 1000df54 f   Editor.obj
 0001:0000cf77       ?EnsureCaretVisible@Editor@@IAEX_N00@Z 1000df77 f   Editor.obj
 0001:0000d3c7       ?WrapLines@Editor@@IAE_N_NH@Z 1000e3c7 f   Editor.obj
 0001:0000d67b       ?TextWidth@Editor@@IAEHHPBD@Z 1000e67b f   Editor.obj
 0001:0000d6e3       ?SelectAll@Editor@@IAEXXZ  1000e6e3 f   Editor.obj
 0001:0000d706       ?Undo@Editor@@IAEXXZ       1000e706 f   Editor.obj
 0001:0000d748       ?Redo@Editor@@IAEXXZ       1000e748 f   Editor.obj
 0001:0000d783       ?StartEndDisplayLine@Editor@@IAEHH_N@Z 1000e783 f   Editor.obj
 0001:0000d8ce       ?SearchText@Editor@@IAEJIKJ@Z 1000e8ce f   Editor.obj
 0001:0000d99a       ?GoToLine@Editor@@IAEXH@Z  1000e99a f   Editor.obj
 0001:0000d9ef       ?LineSelection@Editor@@IAEXHH@Z 1000e9ef f   Editor.obj
 0001:0000da43       ?SetHotSpotRange@Editor@@IAEXPAVPoint@@@Z 1000ea43 f   Editor.obj
 0001:0000daf5       ?ButtonUp@Editor@@IAEXVPoint@@I_N@Z 1000eaf5 f   Editor.obj
 0001:0000dd00       ?Idle@Editor@@IAE_NXZ      1000ed00 f   Editor.obj
 0001:0000dd35       ?EnsureLineVisible@Editor@@IAEXH_N@Z 1000ed35 f   Editor.obj
 0001:0000dec3       ?AddStyledText@Editor@@IAEXPADH@Z 1000eec3 f   Editor.obj
 0001:0000df60       ?InvalidateStyleData@Editor@@IAEXXZ 1000ef60 f   Editor.obj
 0001:0000dfc0       ?InvalidateStyleRedraw@Editor@@IAEXXZ 1000efc0 f   Editor.obj
 0001:0000dfde       ?SetAt@SelectionLineIterator@@QAEXH@Z 1000efde f i Editor.obj
 0001:0000e06f       ?Iterate@SelectionLineIterator@@QAE_NXZ 1000f06f f i Editor.obj
 0001:0000e093       ?SelectionContainsProtected@Editor@@IAE_NXZ 1000f093 f   Editor.obj
 0001:0000e0f1       ?MovePositionTo@Editor@@IAEHHW4selTypes@1@_N@Z 1000f0f1 f   Editor.obj
 0001:0000e16e       ?MoveCaretInsideView@Editor@@IAEX_N@Z 1000f16e f   Editor.obj
 0001:0000e1ff       ?Paint@Editor@@IAEXPAVSurface@@VPRectangle@@@Z 1000f1ff f   Editor.obj
 0001:0000eca7       ?ClearSelection@Editor@@IAEXXZ 1000fca7 f   Editor.obj
 0001:0000ed6d       ?ClearAll@Editor@@IAEXXZ   1000fd6d f   Editor.obj
 0001:0000ee13       ?Cut@Editor@@IAEXXZ        1000fe13 f   Editor.obj
 0001:0000ee50       ?PasteRectangular@Editor@@IAEXHPBDH@Z 1000fe50 f   Editor.obj
 0001:0000f013       ?CanPaste@Editor@@MAE_NXZ  10010013 f   Editor.obj
 0001:0000f03c       ?Clear@Editor@@IAEXXZ      1001003c f   Editor.obj
 0001:0000f07a       ?DelCharBack@Editor@@IAEX_N@Z 1001007a f   Editor.obj
 0001:0000f1b4       ?PageMove@Editor@@IAEXHW4selTypes@1@_N@Z 100101b4 f   Editor.obj
 0001:0000f2f9       ?ChangeCaseOfSelection@Editor@@IAEX_N@Z 100102f9 f   Editor.obj
 0001:0000f3a1       ?LineTranspose@Editor@@IAEXXZ 100103a1 f   Editor.obj
 0001:0000f4b4       ?NewLine@Editor@@IAEXXZ    100104b4 f   Editor.obj
 0001:0000f540       ?CursorUpOrDown@Editor@@IAEXHW4selTypes@1@@Z 10010540 f   Editor.obj
 0001:0000f651       ?ParaUpOrDown@Editor@@IAEXHW4selTypes@1@@Z 10010651 f   Editor.obj
 0001:0000f700       ?Indent@Editor@@IAEX_N@Z   10010700 f   Editor.obj
 0001:0000f9f0       ?CopySelectionRange@Editor@@IAEXPAVSelectionText@@_N@Z 100109f0 f   Editor.obj
 0001:0000fb4f       ?PositionInSelection@Editor@@IAEHH@Z 10010b4f f   Editor.obj
 0001:0000fbcf       ?PointInSelection@Editor@@IAE_NVPoint@@@Z 10010bcf f   Editor.obj
 0001:0000fc80       ?ButtonDown@Editor@@MAEXVPoint@@I_N11@Z 10010c80 f   Editor.obj
 0001:0001003f       ?ButtonMove@Editor@@IAEXVPoint@@@Z 1001103f f   Editor.obj
 0001:00010303       ?Tick@Editor@@IAEXXZ       10011303 f   Editor.obj
 0001:000103d2       ?ToggleContraction@Editor@@IAEXH@Z 100113d2 f   Editor.obj
 0001:000104d6       ?StyleSetMessage@Editor@@IAEXIKJ@Z 100114d6 f   Editor.obj
 0001:0001065e       ?WndProc@Editor@@UAEJIKJ@Z 1001165e f   Editor.obj
 0001:00012edb       ?AddCharUTF@Editor@@MAEXPADI_N@Z 10013edb f   Editor.obj
 0001:000130b8       ?KeyCommand@Editor@@MAEHI@Z 100140b8 f   Editor.obj
 0001:00013a1f       ?DropAt@Editor@@IAEXHPBD_N1@Z 10014a1f f   Editor.obj
 0001:00013b88       ??1SContainer@@IAE@XZ      10014b88 f i ExternalLexer.obj
 0001:00013b9c       ??1SString@@QAE@XZ         10014b9c f i ExternalLexer.obj
 0001:00013ba5       ??0ExternalLexerModule@@QAE@HP6AXIHHQAPAVWordList@@AAVAccessor@@@ZPBD2@Z 10014ba5 f i ExternalLexer.obj
 0001:00013be2       ?WordListsToStrings@@YAPAPADQAPAVWordList@@@Z 10014be2 f   ExternalLexer.obj
 0001:00013ce8       ?DeleteWLStrings@@YAXQAPAD@Z 10014ce8 f   ExternalLexer.obj
 0001:00013d0d       ?Lex@ExternalLexerModule@@UBEXIHHQAPAVWordList@@AAVAccessor@@@Z 10014d0d f   ExternalLexer.obj
 0001:00013d61       ?Fold@ExternalLexerModule@@UBEXIHHQAPAVWordList@@AAVAccessor@@@Z 10014d61 f   ExternalLexer.obj
 0001:00013db5       ?SetExternal@ExternalLexerModule@@UAEXP6GXIIHHQAPADPAXPAD@Z3H@Z 10014db5 f   ExternalLexer.obj
 0001:00013dcd       ??0LexerLibrary@@QAE@PBD@Z 10014dcd f   ExternalLexer.obj
 0001:00013f26       ?Release@LexerLibrary@@QAEXXZ 10014f26 f   ExternalLexer.obj
 0001:00013f5a       ??0LexerManager@@AAE@XZ    10014f5a f   ExternalLexer.obj
 0001:00013f64       ?LoadLexerLibrary@LexerManager@@AAEXPBD@Z 10014f64 f   ExternalLexer.obj
 0001:00013fad       ??_EExternalLexerModule@@UAEPAXI@Z 10014fad f i ExternalLexer.obj
 0001:00013fad       ??_GExternalLexerModule@@UAEPAXI@Z 10014fad f i ExternalLexer.obj
 0001:00013fad       ??_ELexerModule@@UAEPAXI@Z 10014fad f i ExternalLexer.obj
 0001:00013fad       ??_GLexerModule@@UAEPAXI@Z 10014fad f i ExternalLexer.obj
 0001:00013fca       ??1LexerLibrary@@QAE@XZ    10014fca f   ExternalLexer.obj
 0001:00014006       ?GetInstance@LexerManager@@SAPAV1@XZ 10015006 f   ExternalLexer.obj
 0001:0001402c       ?Load@LexerManager@@QAEXPBD@Z 1001502c f   ExternalLexer.obj
 0001:00014031       ?Clear@LexerManager@@QAEXXZ 10015031 f   ExternalLexer.obj
 0001:0001405c       ??1LexerManager@@QAE@XZ    1001505c f   ExternalLexer.obj
 0001:00014061       ?DeleteInstance@LexerManager@@SAXXZ 10015061 f   ExternalLexer.obj
 0001:00014083       ??1LMMinder@@QAE@XZ        10015083 f   ExternalLexer.obj
 0001:00014088       ?Draw@Indicator@@QAEXPAVSurface@@ABVPRectangle@@1@Z 10015088 f   Indicator.obj
 0001:000142b8       ?FreeWords@LineToItem@@AAEXXZ 100152b8 f   PlatWin.obj
 0001:000142b8       ?Clear@KeyMap@@QAEXXZ      100152b8 f   KeyMap.obj
 0001:000142cf       ?AssignCmdKey@KeyMap@@QAEXHHI@Z 100152cf f   KeyMap.obj
 0001:00014395       ?Find@KeyMap@@QAEIHH@Z     10015395 f   KeyMap.obj
 0001:000143cd       ??0KeyMap@@QAE@XZ          100153cd f   KeyMap.obj
 0001:0001440e       ??1KeyMap@@QAE@XZ          1001540e f   KeyMap.obj
 0001:00014413       ??0LexerModule@@QAE@HP6AXIHHQAPAVWordList@@AAVAccessor@@@ZPBD2QBQBDH@Z 10015413 f   KeyWords.obj
 0001:0001446c       ?GetStyleBitsNeeded@LexerModule@@QBEHXZ 1001546c f   KeyWords.obj
 0001:00014470       ?Find@LexerModule@@SAPBV1@H@Z 10015470 f   KeyWords.obj
 0001:00014488       ?Find@LexerModule@@SAPBV1@PBD@Z 10015488 f   KeyWords.obj
 0001:000144be       ?Lex@LexerModule@@UBEXIHHQAPAVWordList@@AAVAccessor@@@Z 100154be f   KeyWords.obj
 0001:000144e0       ?Fold@LexerModule@@UBEXIHHQAPAVWordList@@AAVAccessor@@@Z 100154e0 f   KeyWords.obj
 0001:0001453d       ?Scintilla_LinkLexers@@YAHXZ 1001553d f   KeyWords.obj
 0001:00014560       ?IsLeadByte@Accessor@@QAE_ND@Z 10015560 f i LexHTML.obj
 0001:0001457f       ?GetNextChar@StyleContext@@AAEXI@Z 1001557f f i LexHTML.obj
 0001:000145ea       ??0StyleContext@@QAE@IIHAAVAccessor@@D@Z 100155ea f i LexHTML.obj
 0001:00014678       ?Forward@StyleContext@@QAEXXZ 10015678 f i LexHTML.obj
 0001:000146cb       ?SetState@StyleContext@@QAEXH@Z 100156cb f i LexHTML.obj
 0001:000146e8       ?ForwardSetState@StyleContext@@QAEXH@Z 100156e8 f i LexHTML.obj
 0001:0001470a       ?Match@StyleContext@@QAE_NDD@Z 1001570a f i LexHTML.obj
 0001:00014728       ?Match@StyleContext@@QAE_NPBD@Z 10015728 f i LexHTML.obj
 0001:0001477c       ?IsASpace@@YA_NI@Z         1001577c f i LexHTML.obj
 0001:00014796       ??1CharacterSet@@QAE@XZ    10015796 f i LexHTML.obj
 0001:000147ab       ?AddString@CharacterSet@@QAEXPBD@Z 100157ab f i LexHTML.obj
 0001:000147ef       ?IsOperator@@YA_NH@Z       100157ef f i LexHTML.obj
 0001:00015b14       ??0CharacterSet@@QAE@W4setBase@0@PBDH_N@Z 10016b14 f i LexHTML.obj
 0001:00018216       ?isspacechar@@YA_NE@Z      10019216 f i LexMSSQL.obj
 0001:0001822d       ?iswordchar@@YA_ND@Z       1001922d f i LexMSSQL.obj
 0001:00018258       ?iswordstart@@YA_ND@Z      10019258 f i LexMSSQL.obj
 0001:00018b50       ?isoperator@@YA_ND@Z       10019b50 f i LexMySQL.obj
 0001:00019cf7       ?RefreshColourPalette@LineMarker@@QAEXAAVPalette@@_N@Z 1001acf7 f   LineMarker.obj
 0001:00019d2d       ?SetXPM@LineMarker@@QAEXPBD@Z 1001ad2d f   LineMarker.obj
 0001:00019ebb       ?Draw@LineMarker@@QAEXPAVSurface@@AAVPRectangle@@AAVFont@@@Z 1001aebb f   LineMarker.obj
 0001:0001a6a5       ??1MarkerHandleSet@@QAE@XZ 1001b6a5 f   PerLine.obj
 0001:0001a6c2       ?Length@MarkerHandleSet@@QBEHXZ 1001b6c2 f   PerLine.obj
 0001:0001a6d1       ?MarkValue@MarkerHandleSet@@QBEHXZ 1001b6d1 f   PerLine.obj
 0001:0001a6ed       ?Contains@MarkerHandleSet@@QBE_NH@Z 1001b6ed f   PerLine.obj
 0001:0001a709       ?InsertHandle@MarkerHandleSet@@QAE_NHH@Z 1001b709 f   PerLine.obj
 0001:0001a736       ?RemoveHandle@MarkerHandleSet@@QAEXH@Z 1001b736 f   PerLine.obj
 0001:0001a75b       ?RemoveNumber@MarkerHandleSet@@QAE_NH@Z 1001b75b f   PerLine.obj
 0001:0001a78c       ?CombineWith@MarkerHandleSet@@QAEXPAV1@@Z 1001b78c f   PerLine.obj
 0001:0001a7ef       ??A?$SplitVector@H@@QBEAAHH@Z 1001b7ef f i PerLine.obj
 0001:0001a7ef       ??A?$SplitVector@PAVMarkerHandleSet@@@@QBEAAPAVMarkerHandleSet@@H@Z 1001b7ef f i PerLine.obj
 0001:0001a7ef       ??A?$SplitVector@PAD@@QBEAAPADH@Z 1001b7ef f i PerLine.obj
 0001:0001a80c       ?GapTo@?$SplitVector@PAVMarkerHandleSet@@@@IAEXH@Z 1001b80c f i PerLine.obj
 0001:0001a80c       ?GapTo@?$SplitVector@PAD@@IAEXH@Z 1001b80c f i PerLine.obj
 0001:0001a80c       ?GapTo@?$SplitVector@H@@IAEXH@Z 1001b80c f i CellBuffer.obj
 0001:0001a855       ?DeleteRange@?$SplitVector@H@@QAEXHH@Z 1001b855 f i CellBuffer.obj
 0001:0001a855       ?DeleteRange@?$SplitVector@PAVMarkerHandleSet@@@@QAEXHH@Z 1001b855 f i PerLine.obj
 0001:0001a855       ?DeleteRange@?$SplitVector@PAD@@QAEXHH@Z 1001b855 f i PerLine.obj
 0001:0001a8b1       ?ReAllocate@?$SplitVector@PAD@@QAEXH@Z 1001b8b1 f i PerLine.obj
 0001:0001a8b1       ?ReAllocate@?$SplitVector@H@@QAEXH@Z 1001b8b1 f i CellBuffer.obj
 0001:0001a8b1       ?ReAllocate@?$SplitVector@PAVMarkerHandleSet@@@@QAEXH@Z 1001b8b1 f i PerLine.obj
 0001:0001a917       ?LineFromHandle@LineMarkers@@QAEHH@Z 1001b917 f   PerLine.obj
 0001:0001a960       ?MergeMarkers@LineMarkers@@QAEXH@Z 1001b960 f   PerLine.obj
 0001:0001a9fe       ?MarkValue@LineMarkers@@QAEHH@Z 1001b9fe f   PerLine.obj
 0001:0001aa3b       ?DeleteMark@LineMarkers@@QAEXHH_N@Z 1001ba3b f   PerLine.obj
 0001:0001aae6       ?DeleteMarkFromHandle@LineMarkers@@QAEXH@Z 1001bae6 f   PerLine.obj
 0001:0001ab50       ??1LineLevels@@UAE@XZ      1001bb50 f   PerLine.obj
 0001:0001ab84       ?GetLevel@LineLevels@@QAEHH@Z 1001bb84 f   PerLine.obj
 0001:0001abac       ??1LineState@@UAE@XZ       1001bbac f   PerLine.obj
 0001:0001abe0       ?GetMaxLineState@LineState@@QAEHXZ 1001bbe0 f   PerLine.obj
 0001:0001abe4       ?MultipleStyles@LineAnnotation@@QBE_NH@Z 1001bbe4 f   PerLine.obj
 0001:0001ac27       ?Style@LineAnnotation@@QAEHH@Z 1001bc27 f   PerLine.obj
 0001:0001ac5e       ?Text@LineAnnotation@@QBEPBDH@Z 1001bc5e f   PerLine.obj
 0001:0001ac95       ?Length@LineAnnotation@@QBEHH@Z 1001bc95 f   PerLine.obj
 0001:0001accc       ?Lines@LineAnnotation@@QBEHH@Z 1001bccc f   PerLine.obj
 0001:0001ad04       ?Delete@?$SplitVector@PAD@@QAEXH@Z 1001bd04 f i PerLine.obj
 0001:0001ad04       ?Delete@?$SplitVector@H@@QAEXH@Z 1001bd04 f i CellBuffer.obj
 0001:0001ad04       ?Delete@?$SplitVector@PAVMarkerHandleSet@@@@QAEXH@Z 1001bd04 f i PerLine.obj
 0001:0001ad1c       ?RoomFor@?$SplitVector@H@@IAEXH@Z 1001bd1c f i CellBuffer.obj
 0001:0001ad1c       ?RoomFor@?$SplitVector@PAVMarkerHandleSet@@@@IAEXH@Z 1001bd1c f i PerLine.obj
 0001:0001ad1c       ?RoomFor@?$SplitVector@PAD@@IAEXH@Z 1001bd1c f i PerLine.obj
 0001:0001ad4e       ??1LineMarkers@@UAE@XZ     1001bd4e f   PerLine.obj
 0001:0001adcc       ?RemoveLine@LineMarkers@@UAEXH@Z 1001bdcc f   PerLine.obj
 0001:0001adf5       ?RemoveLine@LineLevels@@UAEXH@Z 1001bdf5 f   PerLine.obj
 0001:0001ae32       ?ClearLevels@LineLevels@@QAEXXZ 1001be32 f   PerLine.obj
 0001:0001ae40       ?RemoveLine@LineState@@UAEXH@Z 1001be40 f   PerLine.obj
 0001:0001ae55       ?RemoveLine@LineAnnotation@@UAEXH@Z 1001be55 f   PerLine.obj
 0001:0001ae86       ?Styles@LineAnnotation@@QBEPBEH@Z 1001be86 f   PerLine.obj
 0001:0001aed8       ?ClearAll@LineAnnotation@@QAEXXZ 1001bed8 f   PerLine.obj
 0001:0001af19       ?InsertValue@?$SplitVector@H@@QAEXHHH@Z 1001bf19 f i PerLine.obj
 0001:0001af19       ?InsertValue@?$SplitVector@PAD@@QAEXHHPAD@Z 1001bf19 f i PerLine.obj
 0001:0001af19       ?InsertValue@?$SplitVector@PAVMarkerHandleSet@@@@QAEXHHPAVMarkerHandleSet@@@Z 1001bf19 f i PerLine.obj
 0001:0001af69       ?EnsureLength@?$SplitVector@H@@QAEXH@Z 1001bf69 f i PerLine.obj
 0001:0001af69       ?EnsureLength@?$SplitVector@PAD@@QAEXH@Z 1001bf69 f i PerLine.obj
 0001:0001af83       ?InsertLine@LineAnnotation@@UAEXH@Z 1001bf83 f   PerLine.obj
 0001:0001af83       ?InsertLine@LineMarkers@@UAEXH@Z 1001bf83 f   PerLine.obj
 0001:0001af9a       ?AddMark@LineMarkers@@QAEHHHH@Z 1001bf9a f   PerLine.obj
 0001:0001b020       ?InsertLine@LineLevels@@UAEXH@Z 1001c020 f   PerLine.obj
 0001:0001b060       ?ExpandLevels@LineLevels@@QAEXH@Z 1001c060 f   PerLine.obj
 0001:0001b07b       ?SetLevel@LineLevels@@QAEHHHH@Z 1001c07b f   PerLine.obj
 0001:0001b0c9       ?InsertLine@LineState@@UAEXH@Z 1001c0c9 f   PerLine.obj
 0001:0001b0ef       ?SetLineState@LineState@@QAEHHH@Z 1001c0ef f   PerLine.obj
 0001:0001b124       ?GetLineState@LineState@@QAEHH@Z 1001c124 f   PerLine.obj
 0001:0001b147       ??1LineAnnotation@@UAE@XZ  1001c147 f   PerLine.obj
 0001:0001b187       ?SetText@LineAnnotation@@QAEXHPBD@Z 1001c187 f   PerLine.obj
 0001:0001b27a       ?SetStyle@LineAnnotation@@QAEXHH@Z 1001c27a f   PerLine.obj
 0001:0001b2cb       ?SetStyles@LineAnnotation@@QAEXHPBE@Z 1001c2cb f   PerLine.obj
 0001:0001b3b3       ??_GSurface@@UAEPAXI@Z     1001c3b3 f i PlatWin.obj
 0001:0001b3b3       ??_ESurface@@UAEPAXI@Z     1001c3b3 f i PlatWin.obj
 0001:0001b3d0       ??_EDynamicLibrary@@UAEPAXI@Z 1001c3d0 f i PlatWin.obj
 0001:0001b3d0       ??_GDynamicLibrary@@UAEPAXI@Z 1001c3d0 f i PlatWin.obj
 0001:0001b3fe       ?IsNT@@YA_NXZ              1001c3fe f   PlatWin.obj
 0001:0001b404       ?FromLong@Point@@SA?AV1@J@Z 1001c404 f   PlatWin.obj
 0001:0001b437       ?Allocate@Palette@@QAEXAAVWindow@@@Z 1001c437 f   PlatWin.obj
 0001:0001b56b       ?SameAs@FontCached@@AAE_NPBDHH_N1@Z 1001c56b f   PlatWin.obj
 0001:0001b5ca       ?Release@FontCached@@EAEXXZ 1001c5ca f   PlatWin.obj
 0001:0001b5e1       ?ReleaseId@FontCached@@SAXPAX@Z 1001c5e1 f   PlatWin.obj
 0001:0001b637       ??0Font@@QAE@XZ            1001c637 f   PlatWin.obj
 0001:0001b644       ??1Font@@UAE@XZ            1001c644 f   PlatWin.obj
 0001:0001b64b       ?Release@Font@@UAEXXZ      1001c64b f   PlatWin.obj
 0001:0001b662       ??0SurfaceImpl@@QAE@XZ     1001c662 f   PlatWin.obj
 0001:0001b6c9       ?Release@SurfaceImpl@@UAEXXZ 1001c6c9 f   PlatWin.obj
 0001:0001b767       ?Initialised@SurfaceImpl@@UAE_NXZ 1001c767 f   PlatWin.obj
 0001:0001b770       ?Init@SurfaceImpl@@UAEXPAX@Z 1001c770 f   PlatWin.obj
 0001:0001b794       ?Init@SurfaceImpl@@UAEXPAX0@Z 1001c794 f   PlatWin.obj
 0001:0001b7b0       ?InitPixMap@SurfaceImpl@@UAEXHHPAVSurface@@PAX@Z 1001c7b0 f   PlatWin.obj
 0001:0001b7fe       ?PenColour@SurfaceImpl@@UAEXVColourAllocated@@@Z 1001c7fe f   PlatWin.obj
 0001:0001b846       ?BrushColor@SurfaceImpl@@AAEXVColourAllocated@@@Z 1001c846 f   PlatWin.obj
 0001:0001b894       ?SetFont@SurfaceImpl@@AAEXAAVFont@@@Z 1001c894 f   PlatWin.obj
 0001:0001b8ca       ?LogPixelsY@SurfaceImpl@@UAEHXZ 1001c8ca f   PlatWin.obj
 0001:0001b8d6       ?DeviceHeightFont@SurfaceImpl@@UAEHH@Z 1001c8d6 f   PlatWin.obj
 0001:0001b8eb       ?MoveTo@SurfaceImpl@@UAEXHH@Z 1001c8eb f   PlatWin.obj
 0001:0001b901       ?LineTo@SurfaceImpl@@UAEXHH@Z 1001c901 f   PlatWin.obj
 0001:0001b915       ?Polygon@SurfaceImpl@@UAEXPAVPoint@@HVColourAllocated@@1@Z 1001c915 f   PlatWin.obj
 0001:0001b941       ?RectangleDraw@SurfaceImpl@@UAEXVPRectangle@@VColourAllocated@@1@Z 1001c941 f   PlatWin.obj
 0001:0001b973       ?FillRectangle@SurfaceImpl@@UAEXVPRectangle@@VColourAllocated@@@Z 1001c973 f   PlatWin.obj
 0001:0001b9cf       ?FillRectangle@SurfaceImpl@@UAEXVPRectangle@@AAVSurface@@@Z 1001c9cf f   PlatWin.obj
 0001:0001ba3a       ?RoundedRectangle@SurfaceImpl@@UAEXVPRectangle@@VColourAllocated@@1@Z 1001ca3a f   PlatWin.obj
 0001:0001bac1       ?Ellipse@SurfaceImpl@@UAEXVPRectangle@@VColourAllocated@@1@Z 1001cac1 f   PlatWin.obj
 0001:0001baf3       ?Copy@SurfaceImpl@@UAEXVPRectangle@@VPoint@@AAVSurface@@@Z 1001caf3 f   PlatWin.obj
 0001:0001bb28       ?WidthChar@SurfaceImpl@@UAEHAAVFont@@D@Z 1001cb28 f   PlatWin.obj
 0001:0001bb53       ?Ascent@SurfaceImpl@@UAEHAAVFont@@@Z 1001cb53 f   PlatWin.obj
 0001:0001bb79       ?Descent@SurfaceImpl@@UAEHAAVFont@@@Z 1001cb79 f   PlatWin.obj
 0001:0001bb9f       ?InternalLeading@SurfaceImpl@@UAEHAAVFont@@@Z 1001cb9f f   PlatWin.obj
 0001:0001bbc5       ?ExternalLeading@SurfaceImpl@@UAEHAAVFont@@@Z 1001cbc5 f   PlatWin.obj
 0001:0001bbeb       ?Height@SurfaceImpl@@UAEHAAVFont@@@Z 1001cbeb f   PlatWin.obj
 0001:0001bc11       ?AverageCharWidth@SurfaceImpl@@UAEHAAVFont@@@Z 1001cc11 f   PlatWin.obj
 0001:0001bc37       ?SetPalette@SurfaceImpl@@UAEHPAVPalette@@_N@Z 1001cc37 f   PlatWin.obj
 0001:0001bc7e       ?SetClip@SurfaceImpl@@UAEXVPRectangle@@@Z 1001cc7e f   PlatWin.obj
 0001:0001bc9a       ?FlushCachedState@SurfaceImpl@@UAEXXZ 1001cc9a f   PlatWin.obj
 0001:0001bca6       ?SetUnicodeMode@SurfaceImpl@@UAEX_N@Z 1001cca6 f   PlatWin.obj
 0001:0001bcb0       ?SetDBCSMode@SurfaceImpl@@UAEXH@Z 1001ccb0 f   PlatWin.obj
 0001:0001bcdc       ?Allocate@Surface@@SAPAV1@XZ 1001ccdc f   PlatWin.obj
 0001:0001bcf2       ??1Window@@UAE@XZ          1001ccf2 f   PlatWin.obj
 0001:0001bcf9       ?Destroy@Window@@QAEXXZ    1001ccf9 f   PlatWin.obj
 0001:0001bd10       ?GetPosition@Window@@QAE?AVPRectangle@@XZ 1001cd10 f   PlatWin.obj
 0001:0001bd41       ?SetPosition@Window@@QAEXVPRectangle@@@Z 1001cd41 f   PlatWin.obj
 0001:0001bd69       ?SetPositionRelative@Window@@QAEXVPRectangle@@V1@@Z 1001cd69 f   PlatWin.obj
 0001:0001bdde       ?GetClientPosition@Window@@QAE?AVPRectangle@@XZ 1001cdde f   PlatWin.obj
 0001:0001be22       ?Show@Window@@QAEX_N@Z     1001ce22 f   PlatWin.obj
 0001:0001be3b       ?InvalidateAll@Window@@QAEXXZ 1001ce3b f   PlatWin.obj
 0001:0001be49       ?InvalidateRectangle@Window@@QAEXVPRectangle@@@Z 1001ce49 f   PlatWin.obj
 0001:0001be9f       ?SetFont@Window@@UAEXAAVFont@@@Z 1001ce9f f   PlatWin.obj
 0001:0001beb7       ?SetCursor@Window@@QAEXW4Cursor@1@@Z 1001ceb7 f   PlatWin.obj
 0001:0001bf87       ?GetMonitorRect@Window@@QAE?AVPRectangle@@VPoint@@@Z 1001cf87 f   PlatWin.obj
 0001:0001bf9b       ?Clear@LineToItem@@QAEXXZ  1001cf9b f i PlatWin.obj
 0001:0001bfb9       ?Get@LineToItem@@QBE?AUListItemData@@H@Z 1001cfb9 f i PlatWin.obj
 0001:0001bff1       ?AllocWord@LineToItem@@AAEPADPBD@Z 1001cff1 f   PlatWin.obj
 0001:0001c079       ?AllocItem@LineToItem@@QAEPAUListItemData@@XZ 1001d079 f   PlatWin.obj
 0001:0001c0dd       ?Append@LineToItem@@QAEPAUListItemData@@PBDH@Z 1001d0dd f   PlatWin.obj
 0001:0001c103       ??0ListBox@@QAE@XZ         1001d103 f   PlatWin.obj
 0001:0001c114       ??1ListBox@@UAE@XZ         1001d114 f   PlatWin.obj
 0001:0001c11f       ?Create@ListBoxX@@UAEXAAVWindow@@HVPoint@@H_N@Z 1001d11f f   PlatWin.obj
 0001:0001c19c       ?SetFont@ListBoxX@@UAEXAAVFont@@@Z 1001d19c f   PlatWin.obj
 0001:0001c202       ?SetAverageCharWidth@ListBoxX@@UAEXH@Z 1001d202 f   PlatWin.obj
 0001:0001c20c       ?SetVisibleRows@ListBoxX@@UAEXH@Z 1001d20c f   PlatWin.obj
 0001:0001c216       ?GetVisibleRows@ListBoxX@@UBEHXZ 1001d216 f   PlatWin.obj
 0001:0001c21a       ?GetHWND@ListBoxX@@ABEPAUHWND__@@XZ 1001d21a f   PlatWin.obj
 0001:0001c21e       ?TextOffset@ListBoxX@@ABEHXZ 1001d21e f   PlatWin.obj
 0001:0001c23d       ?Clear@ListBoxX@@UAEXXZ    1001d23d f   PlatWin.obj
 0001:0001c263       ?Append@ListBoxX@@UAEXPADH@Z 1001d263 f   PlatWin.obj
 0001:0001c2ad       ?Length@ListBoxX@@UAEHXZ   1001d2ad f   PlatWin.obj
 0001:0001c2b1       ?GetSelection@ListBoxX@@UAEHXZ 1001d2b1 f   PlatWin.obj
 0001:0001c2c4       ?Find@ListBoxX@@UAEHPBD@Z  1001d2c4 f   PlatWin.obj
 0001:0001c2ca       ?GetValue@ListBoxX@@UAEXHPADH@Z 1001d2ca f   PlatWin.obj
 0001:0001c2fe       ?RegisterImage@ListBoxX@@UAEXHPBD@Z 1001d2fe f   PlatWin.obj
 0001:0001c306       ?ClearRegisteredImages@ListBoxX@@UAEXXZ 1001d306 f   PlatWin.obj
 0001:0001c30e       ?AppendListItem@ListBoxX@@AAEXPBD0@Z 1001d30e f   PlatWin.obj
 0001:0001c363       ?AdjustWindowRect@ListBoxX@@ABEXPAVPRectangle@@@Z 1001d363 f   PlatWin.obj
 0001:0001c37c       ?ItemHeight@ListBoxX@@ABEHXZ 1001d37c f   PlatWin.obj
 0001:0001c3a4       ?MinClientWidth@ListBoxX@@ABEHXZ 1001d3a4 f   PlatWin.obj
 0001:0001c3b8       ?MinTrackSize@ListBoxX@@ABE?AVPoint@@XZ 1001d3b8 f   PlatWin.obj
 0001:0001c403       ?MaxTrackSize@ListBoxX@@ABE?AVPoint@@XZ 1001d403 f   PlatWin.obj
 0001:0001c473       ?SetRedraw@ListBoxX@@AAEX_N@Z 1001d473 f   PlatWin.obj
 0001:0001c4a1       ?StartResize@ListBoxX@@AAEXI@Z 1001d4a1 f   PlatWin.obj
 0001:0001c545       ?NcHitTest@ListBoxX@@ABEHIJ@Z 1001d545 f   PlatWin.obj
 0001:0001c602       ?OnDoubleClick@ListBoxX@@AAEXXZ 1001d602 f   PlatWin.obj
 0001:0001c610       ?GetClientExtent@ListBoxX@@ABE?AVPoint@@XZ 1001d610 f   PlatWin.obj
 0001:0001c637       ?CentreItem@ListBoxX@@AAEXH@Z 1001d637 f   PlatWin.obj
 0001:0001c6aa       ?Paint@ListBoxX@@AAEXPAUHDC__@@@Z 1001d6aa f   PlatWin.obj
 0001:0001c761       ?ControlWndProc@ListBoxX@@CGJPAUHWND__@@IIJ@Z 1001d761 f   PlatWin.obj
 0001:0001c86b       ?ListBoxX_Unregister@@YA_NXZ 1001d86b f   PlatWin.obj
 0001:0001c883       ??0MarkerHandleSet@@QAE@XZ 1001d883 f   PerLine.obj
 0001:0001c883       ??0Menu@@QAE@XZ            1001d883 f   PlatWin.obj
 0001:0001c889       ?Destroy@Menu@@QAEXXZ      1001d889 f   PlatWin.obj
 0001:0001c89e       ?Show@Menu@@QAEXVPoint@@AAVWindow@@@Z 1001d89e f   PlatWin.obj
 0001:0001c8cc       ?Chrome@Platform@@SA?AVColourDesired@@XZ 1001d8cc f   PlatWin.obj
 0001:0001c8dd       ?ChromeHighlight@Platform@@SA?AVColourDesired@@XZ 1001d8dd f   PlatWin.obj
 0001:0001c8ee       ?DefaultFont@Platform@@SAPBDXZ 1001d8ee f   PlatWin.obj
 0001:0001c8f4       ?DefaultFontSize@Platform@@SAHXZ 1001d8f4 f   PlatWin.obj
 0001:0001c8f8       ?DoubleClickTime@Platform@@SAIXZ 1001d8f8 f   PlatWin.obj
 0001:0001c8fe       ?MouseButtonBounce@Platform@@SA_NXZ 1001d8fe f   PlatWin.obj
 0001:0001c901       ?IsKeyDown@Platform@@SA_NH@Z 1001d901 f   PlatWin.obj
 0001:0001c910       ?IsDBCSLeadByte@Platform@@SA_NHD@Z 1001d910 f   PlatWin.obj
 0001:0001c925       ?DBCSCharLength@Platform@@SAHHPBD@Z 1001d925 f   PlatWin.obj
 0001:0001c942       ?DBCSCharMaxLength@Platform@@SAHXZ 1001d942 f   PlatWin.obj
 0001:0001c946       ?Minimum@Platform@@SAHHH@Z 1001d946 f   PlatWin.obj
 0001:0001c955       ?Maximum@Platform@@SAHHH@Z 1001d955 f   PlatWin.obj
 0001:0001c964       ?UpdateSystemCaret@Editor@@MAEXXZ 1001d964 f   Editor.obj
 0001:0001c964       ?StartDrag@Editor@@MAEXXZ  1001d964 f   Editor.obj
 0001:0001c964       ?ClaimSelection@ScintillaWin@@EAEXXZ 1001d964 f   ScintillaWin.obj
 0001:0001c964       __fpclear                  1001d964 f   LIBCMT:_fpinit_.obj
 0001:0001c964       ?DebugPrintf@Platform@@SAXPBDZZ 1001d964 f   PlatWin.obj
 0001:0001c964       ?ReconfigureScrollBars@Editor@@MAEXXZ 1001d964 f   Editor.obj
 0001:0001c964       __initp_misc_winxfltr      1001d964 f   LIBCMT:winxfltr.obj
 0001:0001c965       ?ShowAssertionPopUps@Platform@@SA_N_N@Z 1001d965 f   PlatWin.obj
 0001:0001c975       ?Clamp@Platform@@SAHHHH@Z  1001d975 f   PlatWin.obj
 0001:0001c98d       ?Platform_Finalise@@YAXXZ  1001d98d f   PlatWin.obj
 0001:0001c99e       ??0?$VarBuffer@_W$0CHBA@@@QAE@I@Z 1001d99e f i PlatWin.obj
 0001:0001c9dc       ??1?$VarBuffer@_W$0CHBA@@@QAE@XZ 1001d9dc f i PlatWin.obj
 0001:0001c9f5       ??0?$VarBuffer@H$0CHBA@@@QAE@I@Z 1001d9f5 f i PlatWin.obj
 0001:0001ca33       ??1?$VarBuffer@H$0CHBA@@@QAE@XZ 1001da33 f i PlatWin.obj
 0001:0001ca4c       ??_EFont@@UAEPAXI@Z        1001da4c f i PlatWin.obj
 0001:0001ca4c       ??_GFont@@UAEPAXI@Z        1001da4c f i PlatWin.obj
 0001:0001ca68       ?Release@Palette@@QAEXXZ   1001da68 f   PlatWin.obj
 0001:0001cac4       ?WantFind@Palette@@QAEXAAUColourPair@@_N@Z 1001dac4 f   PlatWin.obj
 0001:0001cbb7       ??0FontCached@@AAE@PBDHH_N1@Z 1001dbb7 f   PlatWin.obj
 0001:0001cc20       ??_GFontCached@@EAEPAXI@Z  1001dc20 f i PlatWin.obj
 0001:0001cc20       ??_EFontCached@@EAEPAXI@Z  1001dc20 f i PlatWin.obj
 0001:0001cc42       ?FindOrCreate@FontCached@@SAPAXPBDHH_N1@Z 1001dc42 f   PlatWin.obj
 0001:0001ccfc       ?Create@Font@@UAEXPBDHH_N11@Z 1001dcfc f   PlatWin.obj
 0001:0001cd26       ??1SurfaceImpl@@UAE@XZ     1001dd26 f   PlatWin.obj
 0001:0001cd3c       ?AlphaRectangle@SurfaceImpl@@UAEXVPRectangle@@HVColourAllocated@@H1HH@Z 1001dd3c f   PlatWin.obj
 0001:0001cfd5       ??0TextWide@@QAE@PBDH_NH@Z 1001dfd5 f i PlatWin.obj
 0001:0001d028       ??1TextWide@@QAE@XZ        1001e028 f i PlatWin.obj
 0001:0001d02d       ?WidthText@SurfaceImpl@@UAEHAAVFont@@PBDH@Z 1001e02d f   PlatWin.obj
 0001:0001d0e8       ?MeasureWidths@SurfaceImpl@@UAEXAAVFont@@PBDHPAH@Z 1001e0e8 f   PlatWin.obj
 0001:0001d420       ??_EListBox@@UAEPAXI@Z     1001e420 f i PlatWin.obj
 0001:0001d420       ??_GListBox@@UAEPAXI@Z     1001e420 f i PlatWin.obj
 0001:0001d43c       ??0ListBoxX@@QAE@XZ        1001e43c f i PlatWin.obj
 0001:0001d4db       ?SetDoubleClickAction@ListBoxX@@UAEXP6AXPAX@Z0@Z 1001e4db f i PlatWin.obj
 0001:0001d4ec       ??1ListBoxX@@UAE@XZ        1001e4ec f i PlatWin.obj
 0001:0001d53d       ??_EListBoxX@@UAEPAXI@Z    1001e53d f i PlatWin.obj
 0001:0001d53d       ??_GListBoxX@@UAEPAXI@Z    1001e53d f i PlatWin.obj
 0001:0001d559       ?Allocate@ListBox@@SAPAV1@XZ 1001e559 f   PlatWin.obj
 0001:0001d589       ?GetDesiredRect@ListBoxX@@UAE?AVPRectangle@@XZ 1001e589 f   PlatWin.obj
 0001:0001d70b       ?CaretFromEdge@ListBoxX@@UAEHXZ 1001e70b f   PlatWin.obj
 0001:0001d742       ?Select@ListBoxX@@UAEXH@Z  1001e742 f   PlatWin.obj
 0001:0001d778       ?Draw@ListBoxX@@QAEXPAUtagDRAWITEMSTRUCT@@@Z 1001e778 f   PlatWin.obj
 0001:0001d988       ?SetList@ListBoxX@@UAEXPBDDD@Z 1001e988 f   PlatWin.obj
 0001:0001da6a       ?ResizeToCursor@ListBoxX@@AAEXXZ 1001ea6a f   PlatWin.obj
 0001:0001dbba       ?WndProc@ListBoxX@@QAEJPAUHWND__@@IIJ@Z 1001ebba f   PlatWin.obj
 0001:0001ddfe       ?StaticWndProc@ListBoxX@@SGJPAUHWND__@@IIJ@Z 1001edfe f   PlatWin.obj
 0001:0001deaa       ?CreatePopUp@Menu@@QAEXXZ  1001eeaa f   PlatWin.obj
 0001:0001debc       ??0DynamicLibraryImpl@@QAE@PBD@Z 1001eebc f i PlatWin.obj
 0001:0001ded8       ??1DynamicLibraryImpl@@UAE@XZ 1001eed8 f i PlatWin.obj
 0001:0001def7       ?FindFunction@DynamicLibraryImpl@@UAEPAXPBD@Z 1001eef7 f i PlatWin.obj
 0001:0001df10       ?IsValid@DynamicLibraryImpl@@UAE_NXZ 1001ef10 f i PlatWin.obj
 0001:0001df19       ??_EDynamicLibraryImpl@@UAEPAXI@Z 1001ef19 f i PlatWin.obj
 0001:0001df19       ??_GDynamicLibraryImpl@@UAEPAXI@Z 1001ef19 f i PlatWin.obj
 0001:0001df35       ?Load@DynamicLibrary@@SAPAV1@PBD@Z 1001ef35 f   PlatWin.obj
 0001:0001df50       ?Platform_Initialise@@YAXPAX@Z 1001ef50 f   PlatWin.obj
 0001:0001dff9       ??0Palette@@QAE@XZ         1001eff9 f   PlatWin.obj
 0001:0001e047       ??1Palette@@QAE@XZ         1001f047 f   PlatWin.obj
 0001:0001e05e       ??_GSurfaceImpl@@UAEPAXI@Z 1001f05e f i PlatWin.obj
 0001:0001e05e       ??_ESurfaceImpl@@UAEPAXI@Z 1001f05e f i PlatWin.obj
 0001:0001e07a       ?DrawTextCommon@SurfaceImpl@@QAEXVPRectangle@@AAVFont@@HPBDHI@Z 1001f07a f   PlatWin.obj
 0001:0001e2b2       ?DrawTextNoClip@SurfaceImpl@@UAEXVPRectangle@@AAVFont@@HPBDHVColourAllocated@@3@Z 1001f2b2 f   PlatWin.obj
 0001:0001e2fa       ?DrawTextClipped@SurfaceImpl@@UAEXVPRectangle@@AAVFont@@HPBDHVColourAllocated@@3@Z 1001f2fa f   PlatWin.obj
 0001:0001e342       ?DrawTextTransparent@SurfaceImpl@@UAEXVPRectangle@@AAVFont@@HPBDHVColourAllocated@@@Z 1001f342 f   PlatWin.obj
 0001:0001e3aa       ?ContainsCharacter@Range@@QBE_NH@Z 1001f3aa f i PositionCache.obj
 0001:0001e3d5       ?Free@LineLayout@@QAEXXZ   1001f3d5 f   PositionCache.obj
 0001:0001e418       ?Invalidate@LineLayout@@QAEXW4validLevel@1@@Z 1001f418 f   PositionCache.obj
 0001:0001e427       ?LineStart@LineLayout@@QBEHH@Z 1001f427 f   PositionCache.obj
 0001:0001e44a       ?LineLastVisible@LineLayout@@QBEHH@Z 1001f44a f   PositionCache.obj
 0001:0001e498       ?InLine@LineLayout@@QBE_NHH@Z 1001f498 f   PositionCache.obj
 0001:0001e4d2       ?SetLineStart@LineLayout@@QAEXHH@Z 1001f4d2 f   PositionCache.obj
 0001:0001e546       ?SetBracesHighlight@LineLayout@@QAEXVRange@@QAHDH@Z 1001f546 f   PositionCache.obj
 0001:0001e5c5       ?RestoreBracesHighlight@LineLayout@@QAEXVRange@@QAH@Z 1001f5c5 f   PositionCache.obj
 0001:0001e61c       ?FindBefore@LineLayout@@QBEHHHH@Z 1001f61c f   PositionCache.obj
 0001:0001e64d       ?Allocate@LineLayoutCache@@AAEXH@Z 1001f64d f   PositionCache.obj
 0001:0001e6aa       ?Deallocate@LineLayoutCache@@QAEXXZ 1001f6aa f   PositionCache.obj
 0001:0001e6e3       ?Invalidate@LineLayoutCache@@QAEXW4validLevel@LineLayout@@@Z 1001f6e3 f   PositionCache.obj
 0001:0001e724       ?SetLevel@LineLayoutCache@@QAEXH@Z 1001f724 f   PositionCache.obj
 0001:0001e741       ?Dispose@LineLayoutCache@@QAEXPAVLineLayout@@@Z 1001f741 f   PositionCache.obj
 0001:0001e763       ?Insert@BreakFinder@@AAEXH@Z 1001f763 f   PositionCache.obj
 0001:0001e833       ??0BreakFinder@@QAE@PAVLineLayout@@HHH_NH@Z 1001f833 f   PositionCache.obj
 0001:0001e96f       ??1BreakFinder@@QAE@XZ     1001f96f f   PositionCache.obj
 0001:0001e979       ?First@BreakFinder@@QAEHXZ 1001f979 f   PositionCache.obj
 0001:0001e97d       ?Next@BreakFinder@@QAEHXZ  1001f97d f   PositionCache.obj
 0001:0001eac4       ??0PositionCacheEntry@@QAE@XZ 1001fac4 f   PositionCache.obj
 0001:0001ead7       ?Clear@PositionCacheEntry@@QAEXXZ 1001fad7 f   PositionCache.obj
 0001:0001eaf3       ?Retrieve@PositionCacheEntry@@QBE_NIPBDIPAH@Z 1001faf3 f   PositionCache.obj
 0001:0001eb47       ?Hash@PositionCacheEntry@@SAHIPBDI@Z 1001fb47 f   PositionCache.obj
 0001:0001eb82       ?NewerThan@PositionCacheEntry@@QAE_NABV1@@Z 1001fb82 f   PositionCache.obj
 0001:0001eb95       ?ResetClock@PositionCacheEntry@@QAEXXZ 1001fb95 f   PositionCache.obj
 0001:0001eba4       ?Clear@PositionCache@@QAEXXZ 1001fba4 f   PositionCache.obj
 0001:0001ebd3       ??1LineLayout@@UAE@XZ      1001fbd3 f   PositionCache.obj
 0001:0001ebde       ?Resize@LineLayout@@QAEXH@Z 1001fbde f   PositionCache.obj
 0001:0001ec35       ??0LineLayoutCache@@QAE@XZ 1001fc35 f   PositionCache.obj
 0001:0001ec60       ??1LineLayoutCache@@UAE@XZ 1001fc60 f   PositionCache.obj
 0001:0001ec6b       ?AllocateForLevel@LineLayoutCache@@AAEXHH@Z 1001fc6b f   PositionCache.obj
 0001:0001ecd3       ?Set@PositionCacheEntry@@QAEXIPBDIPAHI@Z 1001fcd3 f   PositionCache.obj
 0001:0001ed59       ??1PositionCacheEntry@@QAE@XZ 1001fd59 f   PositionCache.obj
 0001:0001ed5e       ??0PositionCache@@QAE@XZ   1001fd5e f   PositionCache.obj
 0001:0001edd0       ??_EPositionCacheEntry@@QAEPAXI@Z 1001fdd0 f i PositionCache.obj
 0001:0001ee19       ??1PositionCache@@QAE@XZ   1001fe19 f   PositionCache.obj
 0001:0001ee30       ?SetSize@PositionCache@@QAEXI@Z 1001fe30 f   PositionCache.obj
 0001:0001eea7       ?MeasureWidths@PositionCache@@QAEXPAVSurface@@AAVViewStyle@@IPBDIPAH@Z 1001fea7 f   PositionCache.obj
 0001:0001efb4       ??0LineLayout@@QAE@H@Z     1001ffb4 f   PositionCache.obj
 0001:0001f01a       ??_ELineLayout@@UAEPAXI@Z  1002001a f i PositionCache.obj
 0001:0001f01a       ??_GLineLayout@@UAEPAXI@Z  1002001a f i PositionCache.obj
 0001:0001f036       ??_ELineLayoutCache@@UAEPAXI@Z 10020036 f i PositionCache.obj
 0001:0001f036       ??_GLineLayoutCache@@UAEPAXI@Z 10020036 f i PositionCache.obj
 0001:0001f052       ?Retrieve@LineLayoutCache@@QAEPAVLineLayout@@HHHHHH@Z 10020052 f   PositionCache.obj
 0001:0001f197       ?HashString@PropSet@@KAIPBDI@Z 10020197 f i PropSet.obj
 0001:0001f1b8       ?CompareNCaseInsensitive@@YAHPBD0I@Z 100201b8 f   PropSet.obj
 0001:0001f21b       ?grow@SString@@AAE_NI@Z    1002021b f   PropSet.obj
 0001:0001f27f       ?append@SString@@QAEAAV1@PBDID@Z 1002027f f   PropSet.obj
 0001:0001f2ff       ?insert@SString@@QAEAAV1@IPBDI@Z 100202ff f   PropSet.obj
 0001:0001f378       ?remove@SString@@QAEXII@Z  10020378 f   PropSet.obj
 0001:0001f3c5       ?search@SString@@QBEHPBDI@Z 100203c5 f   PropSet.obj
 0001:0001f3f0       ?StringAllocate@SContainer@@SAPADPBDI@Z 100203f0 f   PropSet.obj
 0001:0001f438       ??0PropSet@@QAE@XZ         10020438 f   PropSet.obj
 0001:0001f44f       ?contains@VarChain@@QBE_NPBD@Z 1002044f f i PropSet.obj
 0001:0001f487       ?Clear@PropSet@@QAEXXZ     10020487 f   PropSet.obj
 0001:0001f4d4       ?ToString@PropSet@@QBEPADXZ 100204d4 f   PropSet.obj
 0001:0001f697       ?Clear@WordList@@QAEXXZ    10020697 f   PropSet.obj
 0001:0001f6c0       _cmpString                 100206c0 f   PropSet.obj
 0001:0001f6ec       ?InList@WordList@@QAE_NPBD@Z 100206ec f   PropSet.obj
 0001:0001f7db       ?InListAbbreviated@WordList@@QAE_NPBDD@Z 100207db f   PropSet.obj
 0001:0001f8fa       ??0SString@@QAE@PBD@Z      100208fa f i PropSet.obj
 0001:0001f94a       ??0SString@@QAE@PBDII@Z    1002094a f i PropSet.obj
 0001:0001f99a       ?assign@SString@@AAEAAV1@PBDI@Z 1002099a f   PropSet.obj
 0001:0001fa14       ??1PropSet@@QAE@XZ         10020a14 f   PropSet.obj
 0001:0001fa20       ?Set@PropSet@@QAEXPBD0HH@Z 10020a20 f   PropSet.obj
 0001:0001fb0c       ?Get@PropSet@@QBE?AVSString@@PBD@Z 10020b0c f   PropSet.obj
 0001:0001fcfa       ?GetExpanded@PropSet@@QBE?AVSString@@PBD@Z 10020cfa f   PropSet.obj
 0001:0001fd4b       ?GetInt@PropSet@@QBEHPBDH@Z 10020d4b f   PropSet.obj
 0001:0001fd9e       ?Set@WordList@@QAEXPBD@Z   10020d9e f   PropSet.obj
 0001:0001fdcc       ?Init@RESearch@@AAEXXZ     10020dcc f   RESearch.obj
 0001:0001fdf1       ?Clear@RESearch@@AAEXXZ    10020df1 f   RESearch.obj
 0001:0001fe15       ?GrabMatches@RESearch@@QAE_NAAVCharacterIndexer@@@Z 10020e15 f   RESearch.obj
 0001:0001fe8a       ?ChSet@RESearch@@AAEXE@Z   10020e8a f   RESearch.obj
 0001:0001fea9       ?ChSetWithCase@RESearch@@AAEXE_N@Z 10020ea9 f   RESearch.obj
 0001:0001fef6       ?escapeValue@@YA?BEE@Z     10020ef6 f   RESearch.obj
 0001:0001ffa6       ?GetBackslashExpression@RESearch@@AAEHPBDAAH@Z 10020fa6 f   RESearch.obj
 0001:00020146       ?Compile@RESearch@@QAEPBDPBDH_N1@Z 10021146 f   RESearch.obj
 0001:0002064f       ?PMatch@RESearch@@AAEHAAVCharacterIndexer@@HHPAD@Z 1002164f f   RESearch.obj
 0001:000208ab       ??0RESearch@@QAE@PAVCharClassify@@@Z 100218ab f   RESearch.obj
 0001:000208c3       ??1RESearch@@QAE@XZ        100218c3 f   RESearch.obj
 0001:000208c8       ?Execute@RESearch@@QAEHAAVCharacterIndexer@@HH@Z 100218c8 f   RESearch.obj
 0001:00020973       ?RunFromPosition@RunStyles@@QAEHH@Z 10021973 f   RunStyles.obj
 0001:000209a8       ??_G?$SplitVector@H@@QAEPAXI@Z 100219a8 f i RunStyles.obj
[...]
 0001:00036d2a       __unwindfunclet$?Create@DecorationList@@AAEPAVDecoration@@HH@Z$0 10037d2a f   Decoration.obj
 0001:00036d2a       __unwindfunclet$?SetSize@PositionCache@@QAEXI@Z$0 10037d2a f   Decoration.obj
 0001:00036d2a       __unwindfunclet$?SetDocPointer@Editor@@IAEXPAVDocument@@@Z$0 10037d2a f   Decoration.obj
 0001:00036d34       __ehhandler$?SetSize@PositionCache@@QAEXI@Z 10037d34 f   Decoration.obj
 0001:00036d34       __ehhandler$?Create@DecorationList@@AAEPAVDecoration@@HH@Z 10037d34 f   Decoration.obj
 0001:00036d34       __ehhandler$?Add@XPMSet@@QAEXHPBD@Z 10037d34 f   Decoration.obj
 0001:00036d34       __ehhandler$?SetDocPointer@Editor@@IAEXPAVDocument@@@Z 10037d34 f   Decoration.obj
 0001:00036d4f       __unwindfunclet$??1Document@@UAE@XZ$0 10037d4f f   Document.obj
 0001:00036d57       __unwindfunclet$??1Document@@UAE@XZ$1 10037d57 f   Document.obj
 0001:00036d62       __unwindfunclet$??1Document@@UAE@XZ$2 10037d62 f   Document.obj
 0001:00036d70       __ehhandler$??1Document@@UAE@XZ 10037d70 f   Document.obj
 0001:00036d8b       __unwindfunclet$??0BuiltinRegex@@QAE@PAVCharClassify@@@Z$0 10037d8b f   Document.obj
 0001:00036d93       __ehhandler$??0BuiltinRegex@@QAE@PAVCharClassify@@@Z 10037d93 f   Document.obj
 0001:00036dae       __unwindfunclet$??1BuiltinRegex@@UAE@XZ$0 10037dae f   Document.obj
 0001:00036db6       __unwindfunclet$??1BuiltinRegex@@UAE@XZ$1 10037db6 f   Document.obj
 0001:00036dc1       __ehhandler$??1BuiltinRegex@@UAE@XZ 10037dc1 f   Document.obj
 0001:00036ddc       __unwindfunclet$?FindText@BuiltinRegex@@UAEJPAVDocument@@HHPBD_N22HPAH@Z$0 10037ddc f   Document.obj
 0001:00036de4       __ehhandler$?FindText@BuiltinRegex@@UAEJPAVDocument@@HHPBD_N22HPAH@Z 10037de4 f   Document.obj
 0001:00036dff       __unwindfunclet$?SubstituteByPosition@BuiltinRegex@@UAEPBDPAVDocument@@PBDPAH@Z$0 10037dff f   Document.obj
 0001:00036e07       __ehhandler$?SubstituteByPosition@BuiltinRegex@@UAEPBDPAVDocument@@PBDPAH@Z 10037e07 f   Document.obj
 0001:00036e22       __unwindfunclet$??0Document@@QAE@XZ$0 10037e22 f   Document.obj
 0001:00036e2a       __unwindfunclet$??0Document@@QAE@XZ$1 10037e2a f   Document.obj
 0001:00036e35       __unwindfunclet$??0Document@@QAE@XZ$2 10037e35 f   Document.obj
 0001:00036e43       __ehhandler$??0Document@@QAE@XZ 10037e43 f   Document.obj
 0001:00036e5e       __unwindfunclet$?DrawLine@Editor@@IAEXPAVSurface@@AAVViewStyle@@HHHVPRectangle@@PAVLineLayout@@H@Z$0 10037e5e f   Editor.obj
 0001:00036e69       __unwindfunclet$?DrawLine@Editor@@IAEXPAVSurface@@AAVViewStyle@@HHHVPRectangle@@PAVLineLayout@@H@Z$1 10037e69 f   Editor.obj
 0001:00036e74       __ehhandler$?DrawLine@Editor@@IAEXPAVSurface@@AAVViewStyle@@HHHVPRectangle@@PAVLineLayout@@H@Z 10037e74 f   Editor.obj
 0001:00036e92       __unwindfunclet$?FormatRange@Editor@@IAEJ_NPAURangeToFormat@@@Z$0 10037e92 f   Editor.obj
 0001:00036e9a       __unwindfunclet$?FormatRange@Editor@@IAEJ_NPAURangeToFormat@@@Z$1 10037e9a f   Editor.obj
 0001:00036ea2       __unwindfunclet$?FormatRange@Editor@@IAEJ_NPAURangeToFormat@@@Z$2 10037ea2 f   Editor.obj
 0001:00036ead       __unwindfunclet$?FormatRange@Editor@@IAEJ_NPAURangeToFormat@@@Z$3 10037ead f   Editor.obj
 0001:00036eb5       __ehhandler$?FormatRange@Editor@@IAEJ_NPAURangeToFormat@@@Z 10037eb5 f   Editor.obj
 0001:00036ee0       __unwindfunclet$?WrapCount@Editor@@IAEHH@Z$0 10037ee0 f   Editor.obj
 0001:00036ee8       __unwindfunclet$?WrapCount@Editor@@IAEHH@Z$1 10037ee8 f   Editor.obj
 0001:00036ef0       __ehhandler$?WrapCount@Editor@@IAEHH@Z 10037ef0 f   Editor.obj
 0001:00036f0b       __unwindfunclet$??0Editor@@IAE@XZ$0 10037f0b f   Editor.obj
 0001:00036f13       __unwindfunclet$??0Editor@@IAE@XZ$1 10037f13 f   Editor.obj
 0001:00036f1e       __unwindfunclet$??0Editor@@IAE@XZ$2 10037f1e f   Editor.obj
 0001:00036f29       __unwindfunclet$??0Editor@@IAE@XZ$3 10037f29 f   Editor.obj
 0001:00036f37       __unwindfunclet$??0Editor@@IAE@XZ$4 10037f37 f   Editor.obj
 0001:00036f45       __unwindfunclet$??0Editor@@IAE@XZ$5 10037f45 f   Editor.obj
 0001:00036f53       __unwindfunclet$??0Editor@@IAE@XZ$6 10037f53 f   Editor.obj
 0001:00036f61       __unwindfunclet$??0Editor@@IAE@XZ$7 10037f61 f   Editor.obj
 0001:00036f6f       __unwindfunclet$??0Editor@@IAE@XZ$8 10037f6f f   Editor.obj
 0001:00036f7d       __unwindfunclet$??0Editor@@IAE@XZ$9 10037f7d f   Editor.obj
 0001:00036f87       __ehhandler$??0Editor@@IAE@XZ 10037f87 f   Editor.obj
 0001:00036fa2       __unwindfunclet$??1Editor@@MAE@XZ$0 10037fa2 f   Editor.obj
 0001:00036faa       __unwindfunclet$??1Editor@@MAE@XZ$1 10037faa f   Editor.obj
 0001:00036fb5       __unwindfunclet$??1Editor@@MAE@XZ$2 10037fb5 f   Editor.obj
 0001:00036fc0       __unwindfunclet$??1Editor@@MAE@XZ$3 10037fc0 f   Editor.obj
 0001:00036fce       __unwindfunclet$??1Editor@@MAE@XZ$4 10037fce f   Editor.obj
 0001:00036fdc       __unwindfunclet$??1Editor@@MAE@XZ$5 10037fdc f   Editor.obj
 0001:00036fea       __unwindfunclet$??1Editor@@MAE@XZ$6 10037fea f   Editor.obj
 0001:00036ff8       __unwindfunclet$??1Editor@@MAE@XZ$7 10037ff8 f   Editor.obj
 0001:00037006       __unwindfunclet$??1Editor@@MAE@XZ$8 10038006 f   Editor.obj
 0001:00037014       __ehhandler$??1Editor@@MAE@XZ 10038014 f   Editor.obj
 0001:0003702f       __unwindfunclet$?PositionFromLocationClose@Editor@@IAEHVPoint@@@Z$0 1003802f f   Editor.obj
 0001:00037037       __unwindfunclet$?PositionFromLocationClose@Editor@@IAEHVPoint@@@Z$1 10038037 f   Editor.obj
 0001:0003703f       __ehhandler$?PositionFromLocationClose@Editor@@IAEHVPoint@@@Z 1003803f f   Editor.obj
 0001:0003705a       __unwindfunclet$?DisplayFromPosition@Editor@@IAEHH@Z$0 1003805a f   Editor.obj
 0001:00037062       __unwindfunclet$?DisplayFromPosition@Editor@@IAEHH@Z$1 10038062 f   Editor.obj
 0001:0003706a       __ehhandler$?DisplayFromPosition@Editor@@IAEHH@Z 1003806a f   Editor.obj
 0001:00037085       __unwindfunclet$?WrapOneLine@Editor@@IAE_NPAVSurface@@H@Z$0 10038085 f   Editor.obj
 0001:0003708d       __ehhandler$?WrapOneLine@Editor@@IAE_NPAVSurface@@H@Z 1003808d f   Editor.obj
 0001:000370a8       __unwindfunclet$?LinesSplit@Editor@@IAEXH@Z$0 100380a8 f   Editor.obj
 0001:000370b0       __unwindfunclet$?LinesSplit@Editor@@IAEXH@Z$1 100380b0 f   Editor.obj
 0001:000370b8       __ehhandler$?LinesSplit@Editor@@IAEXH@Z 100380b8 f   Editor.obj
 0001:000370d3       __unwindfunclet$?Copy@ScintillaWin@@EAEXXZ$0 100380d3 f   Editor.obj
 0001:000370d3       __unwindfunclet$?CopyAllowLine@ScintillaWin@@EAEXXZ$0 100380d3 f   Editor.obj
 0001:000370d3       __unwindfunclet$?CopyText@Editor@@IAEXHPBD@Z$0 100380d3 f   Editor.obj
 0001:000370d3       __unwindfunclet$?CopyRangeToClipboard@Editor@@IAEXHH@Z$0 100380d3 f   Editor.obj
 0001:000370d3       __unwindfunclet$?CopyAllowLine@Editor@@MAEXXZ$0 100380d3 f   Editor.obj
 0001:000370db       __ehhandler$?CopyText@Editor@@IAEXHPBD@Z 100380db f   Editor.obj
 0001:000370db       __ehhandler$?Copy@ScintillaWin@@EAEXXZ 100380db f   Editor.obj
 0001:000370db       __ehhandler$?CopyAllowLine@ScintillaWin@@EAEXXZ 100380db f   Editor.obj
 0001:000370db       __ehhandler$?CopyAllowLine@Editor@@MAEXXZ 100380db f   Editor.obj
 0001:000370db       __ehhandler$?CopyRangeToClipboard@Editor@@IAEXHH@Z 100380db f   Editor.obj
 0001:000370f6       __unwindfunclet$?LocationFromPosition@Editor@@IAE?AVPoint@@H@Z$0 100380f6 f   Editor.obj
 0001:000370fe       __unwindfunclet$?LocationFromPosition@Editor@@IAE?AVPoint@@H@Z$1 100380fe f   Editor.obj
 0001:00037106       __ehhandler$?LocationFromPosition@Editor@@IAE?AVPoint@@H@Z 10038106 f   Editor.obj
 0001:00037121       __unwindfunclet$?PositionFromLocation@Editor@@IAEHVPoint@@@Z$0 10038121 f   Editor.obj
 0001:00037129       __unwindfunclet$?PositionFromLocation@Editor@@IAEHVPoint@@@Z$1 10038129 f   Editor.obj
 0001:00037131       __ehhandler$?PositionFromLocation@Editor@@IAEHVPoint@@@Z 10038131 f   Editor.obj
 0001:0003714c       __unwindfunclet$?PositionFromLineX@Editor@@IAEHHH@Z$0 1003814c f   Editor.obj
 0001:00037154       __unwindfunclet$?PositionFromLineX@Editor@@IAEHHH@Z$1 10038154 f   Editor.obj
 0001:0003715c       __ehhandler$?PositionFromLineX@Editor@@IAEHHH@Z 1003815c f   Editor.obj
 0001:00037177       __unwindfunclet$?WrapLines@Editor@@IAE_N_NH@Z$0 10038177 f   Editor.obj
 0001:0003717f       __ehhandler$?WrapLines@Editor@@IAE_N_NH@Z 1003817f f   Editor.obj
 0001:0003719a       __unwindfunclet$?StartEndDisplayLine@Editor@@IAEHH_N@Z$0 1003819a f   Editor.obj
 0001:000371a2       __unwindfunclet$?StartEndDisplayLine@Editor@@IAEHH_N@Z$1 100381a2 f   Editor.obj
 0001:000371aa       __ehhandler$?StartEndDisplayLine@Editor@@IAEHH_N@Z 100381aa f   Editor.obj
 0001:000371c5       __unwindfunclet$?Paint@Editor@@IAEXPAVSurface@@VPRectangle@@@Z$0 100381c5 f   Editor.obj
 0001:000371cd       __unwindfunclet$?Paint@Editor@@IAEXPAVSurface@@VPRectangle@@@Z$1 100381cd f   Editor.obj
 0001:000371d5       __ehhandler$?Paint@Editor@@IAEXPAVSurface@@VPRectangle@@@Z 100381d5 f   Editor.obj
 0001:000371f3       __unwindfunclet$?WndProc@Editor@@UAEJIKJ@Z$0 100381f3 f   Editor.obj
 0001:000371fb       __unwindfunclet$?WndProc@Editor@@UAEJIKJ@Z$1 100381fb f   Editor.obj
 0001:00037205       __ehhandler$?WndProc@Editor@@UAEJIKJ@Z 10038205 f   Editor.obj
 0001:00037220       __unwindfunclet$?AddCharUTF@Editor@@MAEXPADI_N@Z$0 10038220 f   Editor.obj
 0001:00037228       __ehhandler$?AddCharUTF@Editor@@MAEXPADI_N@Z 10038228 f   Editor.obj
 0001:00037243       __unwindfunclet$?WordListsToStrings@@YAPAPADQAPAVWordList@@@Z$0 10038243 f   ExternalLexer.obj
 0001:0003724b       __ehhandler$?WordListsToStrings@@YAPAPADQAPAVWordList@@@Z 1003824b f   ExternalLexer.obj
 0001:00037266       __unwindfunclet$??0LexerLibrary@@QAE@PBD@Z$0 10038266 f   ExternalLexer.obj
 0001:00037274       __unwindfunclet$??0LexerLibrary@@QAE@PBD@Z$1 10038274 f   ExternalLexer.obj
 0001:00037281       __ehhandler$??0LexerLibrary@@QAE@PBD@Z 10038281 f   ExternalLexer.obj
 0001:000372a9       __unwindfunclet$??1LexerLibrary@@QAE@XZ$0 100382a9 f   ExternalLexer.obj
 0001:000372b4       __ehhandler$??1LexerLibrary@@QAE@XZ 100382b4 f   ExternalLexer.obj
 0001:000372cf       __unwindfunclet$?ColouriseHyperTextDoc@@YAXIHHQAPAVWordList@@AAVAccessor@@_N@Z$0 100382cf f   LexHTML.obj
 0001:000372da       __unwindfunclet$?ColouriseHyperTextDoc@@YAXIHHQAPAVWordList@@AAVAccessor@@_N@Z$1 100382da f   LexHTML.obj
 0001:000372e5       __unwindfunclet$?ColouriseHyperTextDoc@@YAXIHHQAPAVWordList@@AAVAccessor@@_N@Z$2 100382e5 f   LexHTML.obj
 0001:000372f0       __ehhandler$?ColouriseHyperTextDoc@@YAXIHHQAPAVWordList@@AAVAccessor@@_N@Z 100382f0 f   LexHTML.obj
 0001:0003731b       __unwindfunclet$??1LineState@@UAE@XZ$0 1003831b f   PerLine.obj
 0001:0003731b       __unwindfunclet$??1LineLevels@@UAE@XZ$0 1003831b f   PerLine.obj
 0001:00037323       __ehhandler$??1LineLevels@@UAE@XZ 10038323 f   PerLine.obj
 0001:00037323       __ehhandler$??1LineState@@UAE@XZ 10038323 f   PerLine.obj
 0001:0003733e       __unwindfunclet$??1LineMarkers@@UAE@XZ$0 1003833e f   PerLine.obj
 0001:0003733e       __unwindfunclet$??1LineAnnotation@@UAE@XZ$0 1003833e f   PerLine.obj
 0001:00037346       __unwindfunclet$??1LineMarkers@@UAE@XZ$1 10038346 f   PerLine.obj
 0001:00037346       __unwindfunclet$??1LineAnnotation@@UAE@XZ$1 10038346 f   PerLine.obj
 0001:00037351       __ehhandler$??1LineAnnotation@@UAE@XZ 10038351 f   PerLine.obj
 0001:00037351       __ehhandler$??1LineMarkers@@UAE@XZ 10038351 f   PerLine.obj
 0001:0003736c       __unwindfunclet$??0TextWide@@QAE@PBDH_NH@Z$0 1003836c f   PlatWin.obj
 0001:00037374       __ehhandler$??0TextWide@@QAE@PBDH_NH@Z 10038374 f   PlatWin.obj
 0001:0003738f       __unwindfunclet$?MeasureWidths@SurfaceImpl@@UAEXAAVFont@@PBDHPAH@Z$0 1003838f f   PlatWin.obj
 0001:0003739a       __unwindfunclet$?MeasureWidths@SurfaceImpl@@UAEXAAVFont@@PBDHPAH@Z$2 1003839a f   PlatWin.obj
 0001:000373a2       __ehhandler$?MeasureWidths@SurfaceImpl@@UAEXAAVFont@@PBDHPAH@Z 100383a2 f   PlatWin.obj
 0001:000373cd       __unwindfunclet$??0ListBoxX@@QAE@XZ$0 100383cd f   PlatWin.obj
 0001:000373d5       __ehhandler$??0ListBoxX@@QAE@XZ 100383d5 f   PlatWin.obj
 0001:000373f0       __unwindfunclet$??1ListBoxX@@UAE@XZ$0 100383f0 f   PlatWin.obj
 0001:000373f8       __unwindfunclet$??1ListBoxX@@UAE@XZ$1 100383f8 f   PlatWin.obj
 0001:00037403       __ehhandler$??1ListBoxX@@UAE@XZ 10038403 f   PlatWin.obj
 0001:0003741e       __unwindfunclet$?DrawTextCommon@SurfaceImpl@@QAEXVPRectangle@@AAVFont@@HPBDHI@Z$0 1003841e f   PlatWin.obj
 0001:00037426       __ehhandler$?DrawTextCommon@SurfaceImpl@@QAEXVPRectangle@@AAVFont@@HPBDHI@Z 10038426 f   PlatWin.obj
 0001:0003744e       __unwindfunclet$?Retrieve@LineLayoutCache@@QAEPAVLineLayout@@HHHHHH@Z$0 1003844e f   PositionCache.obj
 0001:00037458       __unwindfunclet$?Retrieve@LineLayoutCache@@QAEPAVLineLayout@@HHHHHH@Z$1 10038458 f   PositionCache.obj
 0001:00037462       __ehhandler$?Retrieve@LineLayoutCache@@QAEPAVLineLayout@@HHHHHH@Z 10038462 f   PositionCache.obj
 0001:0003747d       __unwindfunclet$??0SString@@QAE@PBD@Z$0 1003847d f   PropSet.obj
 0001:0003747d       __unwindfunclet$??0SString@@QAE@PBDII@Z$0 1003847d f   PropSet.obj
 0001:00037485       __ehhandler$??0SString@@QAE@PBDII@Z 10038485 f   PropSet.obj
 0001:00037485       __ehhandler$??0SString@@QAE@PBD@Z 10038485 f   PropSet.obj
 0001:000374a0       __unwindfunclet$?ExpandAllInPlace@@YAHABVPropSet@@AAVSString@@HABUVarChain@@@Z$0 100384a0 f   PropSet.obj
 0001:000374a8       __unwindfunclet$?ExpandAllInPlace@@YAHABVPropSet@@AAVSString@@HABUVarChain@@@Z$1 100384a8 f   PropSet.obj
 0001:000374b0       __ehhandler$?ExpandAllInPlace@@YAHABVPropSet@@AAVSString@@HABUVarChain@@@Z 100384b0 f   PropSet.obj
 0001:000374cb       __unwindfunclet$?GetExpanded@PropSet@@QBE?AVSString@@PBD@Z$0 100384cb f   PropSet.obj
 0001:000374e4       __ehhandler$?GetExpanded@PropSet@@QBE?AVSString@@PBD@Z 100384e4 f   PropSet.obj
 0001:000374ff       __unwindfunclet$?GetInt@PropSet@@QBEHPBDH@Z$0 100384ff f   PropSet.obj
 0001:00037507       __ehhandler$?GetInt@PropSet@@QBEHPBDH@Z 10038507 f   PropSet.obj
 0001:00037522       __unwindfunclet$??0ScintillaBase@@IAE@XZ$0 10038522 f   ScintillaBase.obj
 0001:00037522       __unwindfunclet$??1ScintillaBase@@MAE@XZ$0 10038522 f   ScintillaBase.obj
 0001:0003752a       __unwindfunclet$??0ScintillaBase@@IAE@XZ$1 1003852a f   ScintillaBase.obj
 0001:0003752a       __unwindfunclet$??1ScintillaBase@@MAE@XZ$1 1003852a f   ScintillaBase.obj
 0001:00037538       __unwindfunclet$??1ScintillaBase@@MAE@XZ$2 10038538 f   ScintillaBase.obj
 0001:00037538       __unwindfunclet$??0ScintillaBase@@IAE@XZ$2 10038538 f   ScintillaBase.obj
 0001:00037546       __unwindfunclet$??0ScintillaBase@@IAE@XZ$3 10038546 f   ScintillaBase.obj
 0001:00037546       __unwindfunclet$??1ScintillaBase@@MAE@XZ$3 10038546 f   ScintillaBase.obj
 0001:00037554       __unwindfunclet$??0ScintillaBase@@IAE@XZ$4 10038554 f   ScintillaBase.obj
 0001:00037554       __unwindfunclet$??1ScintillaBase@@MAE@XZ$4 10038554 f   ScintillaBase.obj
 0001:00037562       __ehhandler$??1ScintillaBase@@MAE@XZ 10038562 f   ScintillaBase.obj
 0001:00037562       __ehhandler$??0ScintillaBase@@IAE@XZ 10038562 f   ScintillaBase.obj
 0001:0003757d       __unwindfunclet$?AutoCompleteCompleted@ScintillaBase@@IAEXXZ$0 1003857d f   ScintillaBase.obj
 0001:00037585       __ehhandler$?AutoCompleteCompleted@ScintillaBase@@IAEXXZ 10038585 f   ScintillaBase.obj
 0001:000375ad       __unwindfunclet$?Colourise@ScintillaBase@@IAEXHH@Z$0 100385ad f   ScintillaBase.obj
 0001:000375b8       __ehhandler$?Colourise@ScintillaBase@@IAEXHH@Z 100385b8 f   ScintillaBase.obj
 0001:000375e0       __unwindfunclet$?ImeStartComposition@ScintillaWin@@AAEXXZ$0 100385e0 f   ScintillaWin.obj
 0001:000375e8       __ehhandler$?ImeStartComposition@ScintillaWin@@AAEXXZ 100385e8 f   ScintillaWin.obj
 0001:0003760d       __unwindfunclet$?TextWidth@Editor@@IAEHHPBD@Z$0 1003860d f   ScintillaWin.obj
 0001:0003760d       __unwindfunclet$?RefreshStyleData@Editor@@IAEXXZ$0 1003860d f   ScintillaWin.obj
 0001:0003760d       __unwindfunclet$?RealizeWindowPalette@ScintillaWin@@AAEX_N@Z$0 1003860d f   ScintillaWin.obj
 0001:00037615       __ehhandler$?RefreshStyleData@Editor@@IAEXXZ 10038615 f   ScintillaWin.obj
 0001:00037615       __ehhandler$?TextWidth@Editor@@IAEHHPBD@Z 10038615 f   ScintillaWin.obj
 0001:00037615       __ehhandler$?RealizeWindowPalette@ScintillaWin@@AAEX_N@Z 10038615 f   ScintillaWin.obj
 0001:00037630       __unwindfunclet$?FullPaintDC@ScintillaWin@@AAEXPAUHDC__@@@Z$0 10038630 f   ScintillaWin.obj
 0001:00037638       __ehhandler$?FullPaintDC@ScintillaWin@@AAEXPAUHDC__@@@Z 10038638 f   ScintillaWin.obj
 0001:00037653       __unwindfunclet$?SWndProc@ScintillaWin@@CGJPAUHWND__@@IIJ@Z$0 10038653 f   ScintillaWin.obj
 0001:0003765d       __ehhandler$?SWndProc@ScintillaWin@@CGJPAUHWND__@@IIJ@Z 1003865d f   ScintillaWin.obj
 0001:00037678       __unwindfunclet$?WndPaint@ScintillaWin@@AAEJK@Z$0 10038678 f   ScintillaWin.obj
 0001:00037680       __ehhandler$?WndPaint@ScintillaWin@@AAEJK@Z 10038680 f   ScintillaWin.obj
 0001:000376a5       __unwindfunclet$??0Style@@QAE@XZ$0 100386a5 f   Style.obj
 0001:000376a5       __unwindfunclet$??1Style@@QAE@XZ$0 100386a5 f   Style.obj
 0001:000376b0       __ehhandler$??1Style@@QAE@XZ 100386b0 f   Style.obj
 0001:000376b0       __ehhandler$??0Style@@QAE@XZ 100386b0 f   Style.obj
 0001:000376cb       __unwindfunclet$??1ViewStyle@@QAE@XZ$0 100386cb f   ViewStyle.obj
 0001:000376cb       __unwindfunclet$??0ViewStyle@@QAE@XZ$0 100386cb f   ViewStyle.obj
 0001:000376d3       __unwindfunclet$??1ViewStyle@@QAE@XZ$1 100386d3 f   ViewStyle.obj
 0001:000376d3       __unwindfunclet$??0ViewStyle@@QAE@XZ$1 100386d3 f   ViewStyle.obj
 0001:000376e9       __ehhandler$??0ViewStyle@@QAE@XZ 100386e9 f   ViewStyle.obj
 0001:000376e9       __ehhandler$??1ViewStyle@@QAE@XZ 100386e9 f   ViewStyle.obj
 0001:00037704       __unwindfunclet$??0ViewStyle@@QAE@ABV0@@Z$0 10038704 f   ViewStyle.obj
 0001:0003770c       __unwindfunclet$??0ViewStyle@@QAE@ABV0@@Z$1 1003870c f   ViewStyle.obj
 0001:00037722       __ehhandler$??0ViewStyle@@QAE@ABV0@@Z 10038722 f   ViewStyle.obj
 0001:0003773d       __ehhandler$?CallUnexpected@@YAXPBU_s_ESTypeList@@@Z 1003873d f   LIBCMT:frame.obj
 0001:00037758       ??__Eminder@@YAXXZ         10038758 f   ExternalLexer.obj
 0001:00037764       ??__ElmHTML@@YAXXZ         10038764 f   LexHTML.obj
 0001:0003778f       ??__ElmXML@@YAXXZ          1003878f f   LexHTML.obj
 0001:000377ba       ??__ElmASP@@YAXXZ          100387ba f   LexHTML.obj
 0001:000377e5       ??__ElmPHP@@YAXXZ          100387e5 f   LexHTML.obj
 0001:00037810       ??__ElmPHPSCRIPT@@YAXXZ    10038810 f   LexHTML.obj
 0001:0003783b       ??__ElmMSSQL@@YAXXZ        1003883b f   LexMSSQL.obj
 0001:00037869       ??__ElmMySQL@@YAXXZ        10038869 f   LexMySQL.obj
 0001:00037897       ??__ElmSQL@@YAXXZ          10038897 f   LexSQL.obj
 0001:000378c5       ??__Fminder@@YAXXZ         100388c5 f   ExternalLexer.obj
 0001:000378cf       ??__FlmHTML@@YAXXZ         100388cf f   LexHTML.obj
 0001:000378da       ??__FlmXML@@YAXXZ          100388da f   LexHTML.obj
 0001:000378e5       ??__FlmASP@@YAXXZ          100388e5 f   LexHTML.obj
 0001:000378f0       ??__FlmPHP@@YAXXZ          100388f0 f   LexHTML.obj
 0001:000378fb       ??__FlmPHPSCRIPT@@YAXXZ    100388fb f   LexHTML.obj
 0001:00037906       ??__FlmMSSQL@@YAXXZ        10038906 f   LexMSSQL.obj
 0001:00037911       ??__FlmMySQL@@YAXXZ        10038911 f   LexMySQL.obj
 0001:0003791c       ??__FlmSQL@@YAXXZ          1003891c f   LexSQL.obj
 0001:00037927       ??__Fnomem@?5???2@YAPAXI@Z@YAXXZ 10038927 f   LIBCMT:new.obj
